16:50:38 **** Auto Build of configuration Debug for project spi_ctrl ****
make all 
'Building file: ../src/adc_spi_config.c'
'Invoking: MicroBlaze gcc compiler'
mb-gcc -Wall -O0 -g3 -c -fmessage-length=0 -Wl,--no-relax -I../../spi_ctrl_bsp/microblaze_0/include -mxl-barrel-shift -mxl-pattern-compare -mcpu=v8.50.a -mno-xl-soft-mul -MMD -MP -MF"src/adc_spi_config.d" -MT"src/adc_spi_config.d" -o "src/adc_spi_config.o" "../src/adc_spi_config.c"
'Finished building: ../src/adc_spi_config.c'
' '
'Building target: spi_ctrl.elf'
'Invoking: MicroBlaze gcc linker'
mb-gcc -Wl,--no-relax -Wl,-T -Wl,../src/lscript.ld -L../../spi_ctrl_bsp/microblaze_0/lib -mxl-barrel-shift -mxl-pattern-compare -mcpu=v8.50.a -mno-xl-soft-mul -o "spi_ctrl.elf"  ./src/adc_spi_config.o ./src/platform.o   -Wl,--start-group,-lxil,-lgcc,-lc,--end-group
'Finished building target: spi_ctrl.elf'
' '
'Invoking: MicroBlaze Print Size'
mb-size spi_ctrl.elf  |tee "spi_ctrl.elf.size"
   text	   data	    bss	    dec	    hex	filename
  13694	    356	   2224	  16274	   3f92	spi_ctrl.elf
'Finished building: spi_ctrl.elf.size'
' '
'Invoking: Xilinx ELF Check'
elfcheck spi_ctrl.elf -hw ../../spi_ctrl_hw_platform/system.xml -pe microblaze_0  |tee "spi_ctrl.elf.elfcheck"
elfcheck
Xilinx EDK 14.5 Build EDK_P.58f
Copyright (c) 1995-2012 Xilinx, Inc.  All rights reserved.

Command Line: elfcheck -hw ../../spi_ctrl_hw_platform/system.xml -pe
microblaze_0 spi_ctrl.elf 

ELF file	: spi_ctrl.elf
elfcheck passed.
'Finished building: spi_ctrl.elf.elfcheck'
' '

16:50:44 Build Finished (took 5s.869ms)

