MO tlm_rx_data_snk_pwr_mgmt NULL pcie_cores/pcie_v5/source/tlm_rx_data_snk_pwr_mgmt.v vlg56/tlm__rx__data__snk__pwr__mgmt.bin 1465977373
MO cmm_errman_cpl NULL pcie_cores/pcie_v5/source/cmm_errman_cpl.v vlg53/cmm__errman__cpl.bin 1465977374
MO cmm_errman_ram4x26 NULL pcie_cores/pcie_v5/source/cmm_errman_ram4x26.v vlg4C/cmm__errman__ram4x26.bin 1465977374
MO cmm_errman_cor NULL pcie_cores/pcie_v5/source/cmm_errman_cor.v vlg54/cmm__errman__cor.bin 1465977374
MO bram_common NULL pcie_cores/pcie_v5/source/bram_common.v vlg02/bram__common.bin 1465977374
MO tlm_rx_data_snk NULL pcie_cores/pcie_v5/source/tlm_rx_data_snk.v vlg2A/tlm__rx__data__snk.bin 1465977374
MO pcie_blk_cf NULL pcie_cores/pcie_v5/source/pcie_blk_cf.v vlg31/pcie__blk__cf.bin 1465977374
MO pcie_blk_cf_err NULL pcie_cores/pcie_v5/source/pcie_blk_cf_err.v vlg0D/pcie__blk__cf__err.bin 1465977374
MO spi_ctrl_clock_generator_0_wrapper NULL E:/xillybus_adc_capture/ad9284_2ch_capture/capture_2ch/spi_ctrl/hdl/spi_ctrl.v vlg3C/spi__ctrl__clock__generator__0__wrapper.bin 1465977373
MO pcie_gt_wrapper NULL pcie_cores/pcie_v5/source/pcie_gt_wrapper.v vlg4F/pcie__gt__wrapper.bin 1465977374
MO pcie_blk_ll_tx NULL pcie_cores/pcie_v5/source/pcie_blk_ll_tx.v vlg57/pcie__blk__ll__tx.bin 1465977374
MO spi_ctrl_ilmb_cntlr_wrapper NULL E:/xillybus_adc_capture/ad9284_2ch_capture/capture_2ch/spi_ctrl/hdl/spi_ctrl.v vlg1D/spi__ctrl__ilmb__cntlr__wrapper.bin 1465977373
MO pcie_blk_if NULL pcie_cores/pcie_v5/source/pcie_blk_if.v vlg4F/pcie__blk__if.bin 1465977374
MO pcie_blk_ll_tx_arb NULL pcie_cores/pcie_v5/source/pcie_blk_ll_tx_arb.v vlg5F/pcie__blk__ll__tx__arb.bin 1465977374
MO byte_reorder_8bit NULL byte_reorder.v vlg2C/byte__reorder__8bit.bin 1465977374
MO pcie_blk_ll NULL pcie_cores/pcie_v5/source/pcie_blk_ll.v vlg64/pcie__blk__ll.bin 1465977374
MO pcie_top_wrapper NULL pcie_cores/pcie_v5/source/pcie_top.v vlg47/pcie__top__wrapper.bin 1465977374
MO dcm_module NULL dcm_module.v vlg49/dcm__module.bin 1465392023
MO cmm_intr NULL pcie_cores/pcie_v5/source/cmm_intr.v vlg75/cmm__intr.bin 1465977374
MO ch_fifo NULL ipcore_dir/ch_fifo.v vlg6E/ch__fifo.bin 1465977374
MO xillybus_core NULL xillybus_core.v vlg00/xillybus__core.bin 1465977374
MO capture_2ch_top NULL capture_2ch_top.vf vlg5E/capture__2ch__top.bin 1465977374
MO tlm_rx_data_snk_mal NULL pcie_cores/pcie_v5/source/tlm_rx_data_snk_mal.v vlg63/tlm__rx__data__snk__mal.bin 1465977373
MO spi_ctrl_lmb_bram_wrapper NULL E:/xillybus_adc_capture/ad9284_2ch_capture/capture_2ch/spi_ctrl/hdl/spi_ctrl.v vlg03/spi__ctrl__lmb__bram__wrapper.bin 1465977373
MO capture_control NULL capture_control.v vlg44/capture__control.bin 1465977374
MO pcie_v5 NULL pcie_cores/pcie_v5/source/pcie_v5.v vlg63/pcie__v5.bin 1465977374
MO pcie_gt_wrapper_top NULL pcie_cores/pcie_v5/source/pcie_gt_wrapper_top.v vlg31/pcie__gt__wrapper__top.bin 1465977374
MO pcie_blk_cf_arb NULL pcie_cores/pcie_v5/source/pcie_blk_cf_arb.v vlg19/pcie__blk__cf__arb.bin 1465977374
MO spi_ctrl_proc_sys_reset_0_wrapper NULL E:/xillybus_adc_capture/ad9284_2ch_capture/capture_2ch/spi_ctrl/hdl/spi_ctrl.v vlg0A/spi__ctrl__proc__sys__reset__0__wrapper.bin 1465977373
MO ad9284_fe NULL ad9284_fe.v vlg76/ad9284__fe.bin 1465977374
MO spi_ctrl_mdm_0_wrapper NULL E:/xillybus_adc_capture/ad9284_2ch_capture/capture_2ch/spi_ctrl/hdl/spi_ctrl.v vlg68/spi__ctrl__mdm__0__wrapper.bin 1465977373
MO cmm_errman_cnt_en NULL pcie_cores/pcie_v5/source/cmm_errman_cnt_en.v vlg3B/cmm__errman__cnt__en.bin 1465977374
MO cmm_errman_ftl NULL pcie_cores/pcie_v5/source/cmm_errman_ftl.v vlg32/cmm__errman__ftl.bin 1465977374
MO pcie_clocking NULL pcie_cores/pcie_v5/source/pcie_clocking.v vlg4E/pcie__clocking.bin 1465977374
MO IFD8_HXILINX_capture_2ch_top NULL capture_2ch_top.vf vlg1F/_i_f_d8___h_x_i_l_i_n_x__capture__2ch__top.bin 1465977374
MO pcie_blk_cf_mgmt NULL pcie_cores/pcie_v5/source/pcie_blk_cf_mgmt.v vlg71/pcie__blk__cf__mgmt.bin 1465977374
MO spi_ctrl_rs232_wrapper NULL E:/xillybus_adc_capture/ad9284_2ch_capture/capture_2ch/spi_ctrl/hdl/spi_ctrl.v vlg73/spi__ctrl__rs232__wrapper.bin 1465977373
MO spi_ctrl_dlmb_wrapper NULL E:/xillybus_adc_capture/ad9284_2ch_capture/capture_2ch/spi_ctrl/hdl/spi_ctrl.v vlg5E/spi__ctrl__dlmb__wrapper.bin 1465977373
MO cmm_errman_ram8x26 NULL pcie_cores/pcie_v5/source/cmm_errman_ram8x26.v vlg40/cmm__errman__ram8x26.bin 1465977374
MO pcie_blk_ll_arb NULL pcie_cores/pcie_v5/source/pcie_blk_ll_arb.v vlg1C/pcie__blk__ll__arb.bin 1465977374
MO pcie_blk_cf_pwr NULL pcie_cores/pcie_v5/source/pcie_blk_cf_pwr.v vlg39/pcie__blk__cf__pwr.bin 1465977374
MO spi_ctrl_generic_gpio_wrapper NULL E:/xillybus_adc_capture/ad9284_2ch_capture/capture_2ch/spi_ctrl/hdl/spi_ctrl.v vlg4E/spi__ctrl__generic__gpio__wrapper.bin 1465977373
MO pcie_blk_ll_credit NULL pcie_cores/pcie_v5/source/pcie_blk_ll_credit.v vlg52/pcie__blk__ll__credit.bin 1465977374
MO TX_SYNC NULL pcie_cores/pcie_v5/source/tx_sync_gtx.v vlg1C/_t_x___s_y_n_c.bin 1465977373
MO cmm_decoder NULL pcie_cores/pcie_v5/source/cmm_decoder.v vlg4E/cmm__decoder.bin 1465977374
MO prod_fixes NULL pcie_cores/pcie_v5/source/prod_fixes.v vlg03/prod__fixes.bin 1465977374
MO sync_fifo NULL pcie_cores/pcie_v5/source/sync_fifo.v vlg20/sync__fifo.bin 1465977373
MO extend_clk NULL pcie_cores/pcie_v5/source/extend_clk.v vlg41/extend__clk.bin 1465977374
MO busmaker NULL busmaker.v vlg7E/busmaker.bin 1465977374
MO pcie_blk_ll_oqbqfifo NULL pcie_cores/pcie_v5/source/pcie_blk_ll_oqbqfifo.v vlg16/pcie__blk__ll__oqbqfifo.bin 1465977374
MO TX_SYNC_GTP NULL pcie_cores/pcie_v5/source/tx_sync_gtp.v vlg22/_t_x___s_y_n_c___g_t_p.bin 1465977373
MO ch_fifo_wrap NULL ch_fifo_wrap.v vlg47/ch__fifo__wrap.bin 1465977374
MO my_SRL16E NULL pcie_cores/pcie_v5/source/pcie_blk_ll_credit.v vlg02/my___s_r_l16_e.bin 1465977374
MO reset_logic NULL pcie_cores/pcie_v5/source/pcie_reset_logic.v vlg2C/reset__logic.bin 1465977374
MO spi_ctrl_dlmb_cntlr_wrapper NULL E:/xillybus_adc_capture/ad9284_2ch_capture/capture_2ch/spi_ctrl/hdl/spi_ctrl.v vlg44/spi__ctrl__dlmb__cntlr__wrapper.bin 1465977373
MO pll NULL pll.v vlg78/pll.bin 1465977374
MO pcie_mim_wrapper NULL pcie_cores/pcie_v5/source/pcie_mim_wrapper.v vlg77/pcie__mim__wrapper.bin 1465977374
MO pcie_ep_top NULL pcie_cores/pcie_v5/source/pcie_ep.v vlg0B/pcie__ep__top.bin 1465977374
MO pcie_soft_cf_int NULL pcie_cores/pcie_v5/source/pcie_soft_int.v vlg2A/pcie__soft__cf__int.bin 1465977374
MO pcie_blk_plus_ll_rx NULL pcie_cores/pcie_v5/source/pcie_blk_plus_ll_rx.v vlg20/pcie__blk__plus__ll__rx.bin 1465977374
MO spi_ctrl_ilmb_wrapper NULL E:/xillybus_adc_capture/ad9284_2ch_capture/capture_2ch/spi_ctrl/hdl/spi_ctrl.v vlg2F/spi__ctrl__ilmb__wrapper.bin 1465977373
MO xillybus NULL xillybus.v vlg34/xillybus.bin 1465977374
MO spi_ctrl_generic_spi_wrapper NULL E:/xillybus_adc_capture/ad9284_2ch_capture/capture_2ch/spi_ctrl/hdl/spi_ctrl.v vlg7F/spi__ctrl__generic__spi__wrapper.bin 1465977373
MO pcie_gtx_wrapper NULL pcie_cores/pcie_v5/source/pcie_gtx_wrapper.v vlg23/pcie__gtx__wrapper.bin 1465977374
MO spi_ctrl_microblaze_0_wrapper NULL E:/xillybus_adc_capture/ad9284_2ch_capture/capture_2ch/spi_ctrl/hdl/spi_ctrl.v vlg32/spi__ctrl__microblaze__0__wrapper.bin 1465977373
MO spi_ctrl_mb_plb_wrapper NULL E:/xillybus_adc_capture/ad9284_2ch_capture/capture_2ch/spi_ctrl/hdl/spi_ctrl.v vlg47/spi__ctrl__mb__plb__wrapper.bin 1465977373
MO pcie_blk_plus_ll_tx NULL pcie_cores/pcie_v5/source/pcie_blk_plus_ll_tx.v vlg2A/pcie__blk__plus__ll__tx.bin 1465977374
MO spi_ctrl NULL E:/xillybus_adc_capture/ad9284_2ch_capture/capture_2ch/spi_ctrl/hdl/spi_ctrl.v vlg24/spi__ctrl.bin 1465977373
MO tlm_rx_data_snk_bar NULL pcie_cores/pcie_v5/source/tlm_rx_data_snk_bar.v vlg56/tlm__rx__data__snk__bar.bin 1465977373
