Release 14.5 Map P.58f (nt64)
Xilinx Map Application Log File for Design 'top'

Design Information
------------------
Command Line   : map -intstyle pa -w top.ngd 
Target Device  : xc5vlx110t
Target Package : ff1136
Target Speed   : -1
Mapper Version : virtex5 -- $Revision: 1.55 $
Mapped Date    : Mon May 30 11:59:20 2016

Mapping design into LUTs...
WARNING:MapLib:701 - Signal d_p[0] connected to top level port d_p(0) has been
   removed.
WARNING:MapLib:701 - Signal d_n[0] connected to top level port d_n(0) has been
   removed.
WARNING:MapLib:701 - Signal d_p[1] connected to top level port d_p(1) has been
   removed.
WARNING:MapLib:701 - Signal d_n[1] connected to top level port d_n(1) has been
   removed.
WARNING:MapLib:701 - Signal d_p[2] connected to top level port d_p(2) has been
   removed.
WARNING:MapLib:701 - Signal d_n[2] connected to top level port d_n(2) has been
   removed.
WARNING:MapLib:701 - Signal d_p[3] connected to top level port d_p(3) has been
   removed.
WARNING:MapLib:701 - Signal d_n[3] connected to top level port d_n(3) has been
   removed.
WARNING:MapLib:701 - Signal d_p[4] connected to top level port d_p(4) has been
   removed.
WARNING:MapLib:701 - Signal d_n[4] connected to top level port d_n(4) has been
   removed.
WARNING:MapLib:701 - Signal d_p[5] connected to top level port d_p(5) has been
   removed.
WARNING:MapLib:701 - Signal d_n[5] connected to top level port d_n(5) has been
   removed.
WARNING:Pack:2874 - Trimming timing constraints from pin
   xillybus_ins/pcie/pcie_ep0/pcie_blk/pcie_mim_wrapper_i/bram_tl_rx/generate_td
   p2[0].ram_tdp2_inst
   of frag REGCLKAU connected to power/ground net
   xillybus_ins/pcie/pcie_ep0/pcie_blk/pcie_mim_wrapper_i/bram_tl_rx/generate_td
   p2[0].ram_tdp2_inst_REGCLKAU_tiesig
WARNING:Pack:2874 - Trimming timing constraints from pin
   xillybus_ins/pcie/pcie_ep0/pcie_blk/pcie_mim_wrapper_i/bram_tl_rx/generate_td
   p2[0].ram_tdp2_inst
   of frag REGCLKAL connected to power/ground net
   xillybus_ins/pcie/pcie_ep0/pcie_blk/pcie_mim_wrapper_i/bram_tl_rx/generate_td
   p2[0].ram_tdp2_inst_REGCLKAL_tiesig
WARNING:Pack:2874 - Trimming timing constraints from pin
   xillybus_ins/pcie/pcie_ep0/pcie_blk/pcie_mim_wrapper_i/bram_tl_rx/generate_td
   p2[1].ram_tdp2_inst
   of frag REGCLKAU connected to power/ground net
   xillybus_ins/pcie/pcie_ep0/pcie_blk/pcie_mim_wrapper_i/bram_tl_rx/generate_td
   p2[1].ram_tdp2_inst_REGCLKAU_tiesig
WARNING:Pack:2874 - Trimming timing constraints from pin
   xillybus_ins/pcie/pcie_ep0/pcie_blk/pcie_mim_wrapper_i/bram_tl_rx/generate_td
   p2[1].ram_tdp2_inst
   of frag REGCLKAL connected to power/ground net
   xillybus_ins/pcie/pcie_ep0/pcie_blk/pcie_mim_wrapper_i/bram_tl_rx/generate_td
   p2[1].ram_tdp2_inst_REGCLKAL_tiesig
WARNING:Pack:2874 - Trimming timing constraints from pin
   xillybus_ins/pcie/pcie_ep0/pcie_blk/pcie_mim_wrapper_i/bram_tl_tx/generate_td
   p2[0].ram_tdp2_inst
   of frag REGCLKAU connected to power/ground net
   xillybus_ins/pcie/pcie_ep0/pcie_blk/pcie_mim_wrapper_i/bram_tl_tx/generate_td
   p2[0].ram_tdp2_inst_REGCLKAU_tiesig
WARNING:Pack:2874 - Trimming timing constraints from pin
   xillybus_ins/pcie/pcie_ep0/pcie_blk/pcie_mim_wrapper_i/bram_tl_tx/generate_td
   p2[0].ram_tdp2_inst
   of frag REGCLKAL connected to power/ground net
   xillybus_ins/pcie/pcie_ep0/pcie_blk/pcie_mim_wrapper_i/bram_tl_tx/generate_td
   p2[0].ram_tdp2_inst_REGCLKAL_tiesig
WARNING:Pack:2874 - Trimming timing constraints from pin
   xillybus_ins/pcie/pcie_ep0/pcie_blk/pcie_mim_wrapper_i/bram_tl_tx/generate_td
   p2[1].ram_tdp2_inst
   of frag REGCLKAU connected to power/ground net
   xillybus_ins/pcie/pcie_ep0/pcie_blk/pcie_mim_wrapper_i/bram_tl_tx/generate_td
   p2[1].ram_tdp2_inst_REGCLKAU_tiesig
WARNING:Pack:2874 - Trimming timing constraints from pin
   xillybus_ins/pcie/pcie_ep0/pcie_blk/pcie_mim_wrapper_i/bram_tl_tx/generate_td
   p2[1].ram_tdp2_inst
   of frag REGCLKAL connected to power/ground net
   xillybus_ins/pcie/pcie_ep0/pcie_blk/pcie_mim_wrapper_i/bram_tl_tx/generate_td
   p2[1].ram_tdp2_inst_REGCLKAL_tiesig
WARNING:Pack:2874 - Trimming timing constraints from pin
   adc_ff/adf1/U0/xst_fifo_generator/gconvfifo.rf/grf.rf/gntv_or_sync_fifo.mem/g
   bm.gbmg.gbmga.ngecc.bmg/gnativebmg.native_blk_mem_gen/valid.cstr/ramloop[0].r
   am.r/v5_noinit.ram/SDP.SINGLE_PRIM36.TDP
   of frag REGCLKAU connected to power/ground net
   adc_ff/adf1/U0/xst_fifo_generator/gconvfifo.rf/grf.rf/gntv_or_sync_fifo.mem/g
   bm.gbmg.gbmga.ngecc.bmg/gnativebmg.native_blk_mem_gen/valid.cstr/ramloop[0].r
   am.r/v5_noinit.ram/SDP.SINGLE_PRIM36.TDP_REGCLKAU_tiesig
WARNING:Pack:2874 - Trimming timing constraints from pin
   adc_ff/adf1/U0/xst_fifo_generator/gconvfifo.rf/grf.rf/gntv_or_sync_fifo.mem/g
   bm.gbmg.gbmga.ngecc.bmg/gnativebmg.native_blk_mem_gen/valid.cstr/ramloop[0].r
   am.r/v5_noinit.ram/SDP.SINGLE_PRIM36.TDP
   of frag REGCLKAL connected to power/ground net
   adc_ff/adf1/U0/xst_fifo_generator/gconvfifo.rf/grf.rf/gntv_or_sync_fifo.mem/g
   bm.gbmg.gbmga.ngecc.bmg/gnativebmg.native_blk_mem_gen/valid.cstr/ramloop[0].r
   am.r/v5_noinit.ram/SDP.SINGLE_PRIM36.TDP_REGCLKAL_tiesig
WARNING:Pack:2874 - Trimming timing constraints from pin
   adc_ff/adf1/U0/xst_fifo_generator/gconvfifo.rf/grf.rf/gntv_or_sync_fifo.mem/g
   bm.gbmg.gbmga.ngecc.bmg/gnativebmg.native_blk_mem_gen/valid.cstr/ramloop[0].r
   am.r/v5_noinit.ram/SDP.SINGLE_PRIM36.TDP
   of frag REGCLKBU connected to power/ground net
   adc_ff/adf1/U0/xst_fifo_generator/gconvfifo.rf/grf.rf/gntv_or_sync_fifo.mem/g
   bm.gbmg.gbmga.ngecc.bmg/gnativebmg.native_blk_mem_gen/valid.cstr/ramloop[0].r
   am.r/v5_noinit.ram/SDP.SINGLE_PRIM36.TDP_REGCLKBU_tiesig
WARNING:Pack:2874 - Trimming timing constraints from pin
   adc_ff/adf1/U0/xst_fifo_generator/gconvfifo.rf/grf.rf/gntv_or_sync_fifo.mem/g
   bm.gbmg.gbmga.ngecc.bmg/gnativebmg.native_blk_mem_gen/valid.cstr/ramloop[0].r
   am.r/v5_noinit.ram/SDP.SINGLE_PRIM36.TDP
   of frag REGCLKBL connected to power/ground net
   adc_ff/adf1/U0/xst_fifo_generator/gconvfifo.rf/grf.rf/gntv_or_sync_fifo.mem/g
   bm.gbmg.gbmga.ngecc.bmg/gnativebmg.native_blk_mem_gen/valid.cstr/ramloop[0].r
   am.r/v5_noinit.ram/SDP.SINGLE_PRIM36.TDP_REGCLKBL_tiesig
WARNING:Pack:2874 - Trimming timing constraints from pin
   adc_ff/adf1/U0/xst_fifo_generator/gconvfifo.rf/grf.rf/gntv_or_sync_fifo.mem/g
   bm.gbmg.gbmga.ngecc.bmg/gnativebmg.native_blk_mem_gen/valid.cstr/ramloop[10].
   ram.r/v5_noinit.ram/SDP.SINGLE_PRIM36.TDP
   of frag REGCLKAU connected to power/ground net
   adc_ff/adf1/U0/xst_fifo_generator/gconvfifo.rf/grf.rf/gntv_or_sync_fifo.mem/g
   bm.gbmg.gbmga.ngecc.bmg/gnativebmg.native_blk_mem_gen/valid.cstr/ramloop[10].
   ram.r/v5_noinit.ram/SDP.SINGLE_PRIM36.TDP_REGCLKAU_tiesig
WARNING:Pack:2874 - Trimming timing constraints from pin
   adc_ff/adf1/U0/xst_fifo_generator/gconvfifo.rf/grf.rf/gntv_or_sync_fifo.mem/g
   bm.gbmg.gbmga.ngecc.bmg/gnativebmg.native_blk_mem_gen/valid.cstr/ramloop[10].
   ram.r/v5_noinit.ram/SDP.SINGLE_PRIM36.TDP
   of frag REGCLKAL connected to power/ground net
   adc_ff/adf1/U0/xst_fifo_generator/gconvfifo.rf/grf.rf/gntv_or_sync_fifo.mem/g
   bm.gbmg.gbmga.ngecc.bmg/gnativebmg.native_blk_mem_gen/valid.cstr/ramloop[10].
   ram.r/v5_noinit.ram/SDP.SINGLE_PRIM36.TDP_REGCLKAL_tiesig
WARNING:Pack:2874 - Trimming timing constraints from pin
   adc_ff/adf1/U0/xst_fifo_generator/gconvfifo.rf/grf.rf/gntv_or_sync_fifo.mem/g
   bm.gbmg.gbmga.ngecc.bmg/gnativebmg.native_blk_mem_gen/valid.cstr/ramloop[10].
   ram.r/v5_noinit.ram/SDP.SINGLE_PRIM36.TDP
   of frag REGCLKBU connected to power/ground net
   adc_ff/adf1/U0/xst_fifo_generator/gconvfifo.rf/grf.rf/gntv_or_sync_fifo.mem/g
   bm.gbmg.gbmga.ngecc.bmg/gnativebmg.native_blk_mem_gen/valid.cstr/ramloop[10].
   ram.r/v5_noinit.ram/SDP.SINGLE_PRIM36.TDP_REGCLKBU_tiesig
WARNING:Pack:2874 - Trimming timing constraints from pin
   adc_ff/adf1/U0/xst_fifo_generator/gconvfifo.rf/grf.rf/gntv_or_sync_fifo.mem/g
   bm.gbmg.gbmga.ngecc.bmg/gnativebmg.native_blk_mem_gen/valid.cstr/ramloop[10].
   ram.r/v5_noinit.ram/SDP.SINGLE_PRIM36.TDP
   of frag REGCLKBL connected to power/ground net
   adc_ff/adf1/U0/xst_fifo_generator/gconvfifo.rf/grf.rf/gntv_or_sync_fifo.mem/g
   bm.gbmg.gbmga.ngecc.bmg/gnativebmg.native_blk_mem_gen/valid.cstr/ramloop[10].
   ram.r/v5_noinit.ram/SDP.SINGLE_PRIM36.TDP_REGCLKBL_tiesig
WARNING:Pack:2874 - Trimming timing constraints from pin
   adc_ff/adf1/U0/xst_fifo_generator/gconvfifo.rf/grf.rf/gntv_or_sync_fifo.mem/g
   bm.gbmg.gbmga.ngecc.bmg/gnativebmg.native_blk_mem_gen/valid.cstr/ramloop[11].
   ram.r/v5_noinit.ram/SDP.SINGLE_PRIM36.TDP
   of frag REGCLKAU connected to power/ground net
   adc_ff/adf1/U0/xst_fifo_generator/gconvfifo.rf/grf.rf/gntv_or_sync_fifo.mem/g
   bm.gbmg.gbmga.ngecc.bmg/gnativebmg.native_blk_mem_gen/valid.cstr/ramloop[11].
   ram.r/v5_noinit.ram/SDP.SINGLE_PRIM36.TDP_REGCLKAU_tiesig
WARNING:Pack:2874 - Trimming timing constraints from pin
   adc_ff/adf1/U0/xst_fifo_generator/gconvfifo.rf/grf.rf/gntv_or_sync_fifo.mem/g
   bm.gbmg.gbmga.ngecc.bmg/gnativebmg.native_blk_mem_gen/valid.cstr/ramloop[11].
   ram.r/v5_noinit.ram/SDP.SINGLE_PRIM36.TDP
   of frag REGCLKAL connected to power/ground net
   adc_ff/adf1/U0/xst_fifo_generator/gconvfifo.rf/grf.rf/gntv_or_sync_fifo.mem/g
   bm.gbmg.gbmga.ngecc.bmg/gnativebmg.native_blk_mem_gen/valid.cstr/ramloop[11].
   ram.r/v5_noinit.ram/SDP.SINGLE_PRIM36.TDP_REGCLKAL_tiesig
WARNING:Pack:2874 - Trimming timing constraints from pin
   adc_ff/adf1/U0/xst_fifo_generator/gconvfifo.rf/grf.rf/gntv_or_sync_fifo.mem/g
   bm.gbmg.gbmga.ngecc.bmg/gnativebmg.native_blk_mem_gen/valid.cstr/ramloop[11].
   ram.r/v5_noinit.ram/SDP.SINGLE_PRIM36.TDP
   of frag REGCLKBU connected to power/ground net
   adc_ff/adf1/U0/xst_fifo_generator/gconvfifo.rf/grf.rf/gntv_or_sync_fifo.mem/g
   bm.gbmg.gbmga.ngecc.bmg/gnativebmg.native_blk_mem_gen/valid.cstr/ramloop[11].
   ram.r/v5_noinit.ram/SDP.SINGLE_PRIM36.TDP_REGCLKBU_tiesig
WARNING:Pack:2874 - Trimming timing constraints from pin
   adc_ff/adf1/U0/xst_fifo_generator/gconvfifo.rf/grf.rf/gntv_or_sync_fifo.mem/g
   bm.gbmg.gbmga.ngecc.bmg/gnativebmg.native_blk_mem_gen/valid.cstr/ramloop[11].
   ram.r/v5_noinit.ram/SDP.SINGLE_PRIM36.TDP
   of frag REGCLKBL connected to power/ground net
   adc_ff/adf1/U0/xst_fifo_generator/gconvfifo.rf/grf.rf/gntv_or_sync_fifo.mem/g
   bm.gbmg.gbmga.ngecc.bmg/gnativebmg.native_blk_mem_gen/valid.cstr/ramloop[11].
   ram.r/v5_noinit.ram/SDP.SINGLE_PRIM36.TDP_REGCLKBL_tiesig
WARNING:Pack:2874 - Trimming timing constraints from pin
   adc_ff/adf1/U0/xst_fifo_generator/gconvfifo.rf/grf.rf/gntv_or_sync_fifo.mem/g
   bm.gbmg.gbmga.ngecc.bmg/gnativebmg.native_blk_mem_gen/valid.cstr/ramloop[12].
   ram.r/v5_noinit.ram/SDP.SINGLE_PRIM36.TDP
   of frag REGCLKAU connected to power/ground net
   adc_ff/adf1/U0/xst_fifo_generator/gconvfifo.rf/grf.rf/gntv_or_sync_fifo.mem/g
   bm.gbmg.gbmga.ngecc.bmg/gnativebmg.native_blk_mem_gen/valid.cstr/ramloop[12].
   ram.r/v5_noinit.ram/SDP.SINGLE_PRIM36.TDP_REGCLKAU_tiesig
WARNING:Pack:2874 - Trimming timing constraints from pin
   adc_ff/adf1/U0/xst_fifo_generator/gconvfifo.rf/grf.rf/gntv_or_sync_fifo.mem/g
   bm.gbmg.gbmga.ngecc.bmg/gnativebmg.native_blk_mem_gen/valid.cstr/ramloop[12].
   ram.r/v5_noinit.ram/SDP.SINGLE_PRIM36.TDP
   of frag REGCLKAL connected to power/ground net
   adc_ff/adf1/U0/xst_fifo_generator/gconvfifo.rf/grf.rf/gntv_or_sync_fifo.mem/g
   bm.gbmg.gbmga.ngecc.bmg/gnativebmg.native_blk_mem_gen/valid.cstr/ramloop[12].
   ram.r/v5_noinit.ram/SDP.SINGLE_PRIM36.TDP_REGCLKAL_tiesig
WARNING:Pack:2874 - Trimming timing constraints from pin
   adc_ff/adf1/U0/xst_fifo_generator/gconvfifo.rf/grf.rf/gntv_or_sync_fifo.mem/g
   bm.gbmg.gbmga.ngecc.bmg/gnativebmg.native_blk_mem_gen/valid.cstr/ramloop[12].
   ram.r/v5_noinit.ram/SDP.SINGLE_PRIM36.TDP
   of frag REGCLKBU connected to power/ground net
   adc_ff/adf1/U0/xst_fifo_generator/gconvfifo.rf/grf.rf/gntv_or_sync_fifo.mem/g
   bm.gbmg.gbmga.ngecc.bmg/gnativebmg.native_blk_mem_gen/valid.cstr/ramloop[12].
   ram.r/v5_noinit.ram/SDP.SINGLE_PRIM36.TDP_REGCLKBU_tiesig
WARNING:Pack:2874 - Trimming timing constraints from pin
   adc_ff/adf1/U0/xst_fifo_generator/gconvfifo.rf/grf.rf/gntv_or_sync_fifo.mem/g
   bm.gbmg.gbmga.ngecc.bmg/gnativebmg.native_blk_mem_gen/valid.cstr/ramloop[12].
   ram.r/v5_noinit.ram/SDP.SINGLE_PRIM36.TDP
   of frag REGCLKBL connected to power/ground net
   adc_ff/adf1/U0/xst_fifo_generator/gconvfifo.rf/grf.rf/gntv_or_sync_fifo.mem/g
   bm.gbmg.gbmga.ngecc.bmg/gnativebmg.native_blk_mem_gen/valid.cstr/ramloop[12].
   ram.r/v5_noinit.ram/SDP.SINGLE_PRIM36.TDP_REGCLKBL_tiesig
WARNING:Pack:2874 - Trimming timing constraints from pin
   adc_ff/adf1/U0/xst_fifo_generator/gconvfifo.rf/grf.rf/gntv_or_sync_fifo.mem/g
   bm.gbmg.gbmga.ngecc.bmg/gnativebmg.native_blk_mem_gen/valid.cstr/ramloop[13].
   ram.r/v5_noinit.ram/SDP.SINGLE_PRIM36.TDP
   of frag REGCLKAU connected to power/ground net
   adc_ff/adf1/U0/xst_fifo_generator/gconvfifo.rf/grf.rf/gntv_or_sync_fifo.mem/g
   bm.gbmg.gbmga.ngecc.bmg/gnativebmg.native_blk_mem_gen/valid.cstr/ramloop[13].
   ram.r/v5_noinit.ram/SDP.SINGLE_PRIM36.TDP_REGCLKAU_tiesig
WARNING:Pack:2874 - Trimming timing constraints from pin
   adc_ff/adf1/U0/xst_fifo_generator/gconvfifo.rf/grf.rf/gntv_or_sync_fifo.mem/g
   bm.gbmg.gbmga.ngecc.bmg/gnativebmg.native_blk_mem_gen/valid.cstr/ramloop[13].
   ram.r/v5_noinit.ram/SDP.SINGLE_PRIM36.TDP
   of frag REGCLKAL connected to power/ground net
   adc_ff/adf1/U0/xst_fifo_generator/gconvfifo.rf/grf.rf/gntv_or_sync_fifo.mem/g
   bm.gbmg.gbmga.ngecc.bmg/gnativebmg.native_blk_mem_gen/valid.cstr/ramloop[13].
   ram.r/v5_noinit.ram/SDP.SINGLE_PRIM36.TDP_REGCLKAL_tiesig
WARNING:Pack:2874 - Trimming timing constraints from pin
   adc_ff/adf1/U0/xst_fifo_generator/gconvfifo.rf/grf.rf/gntv_or_sync_fifo.mem/g
   bm.gbmg.gbmga.ngecc.bmg/gnativebmg.native_blk_mem_gen/valid.cstr/ramloop[13].
   ram.r/v5_noinit.ram/SDP.SINGLE_PRIM36.TDP
   of frag REGCLKBU connected to power/ground net
   adc_ff/adf1/U0/xst_fifo_generator/gconvfifo.rf/grf.rf/gntv_or_sync_fifo.mem/g
   bm.gbmg.gbmga.ngecc.bmg/gnativebmg.native_blk_mem_gen/valid.cstr/ramloop[13].
   ram.r/v5_noinit.ram/SDP.SINGLE_PRIM36.TDP_REGCLKBU_tiesig
WARNING:Pack:2874 - Trimming timing constraints from pin
   adc_ff/adf1/U0/xst_fifo_generator/gconvfifo.rf/grf.rf/gntv_or_sync_fifo.mem/g
   bm.gbmg.gbmga.ngecc.bmg/gnativebmg.native_blk_mem_gen/valid.cstr/ramloop[13].
   ram.r/v5_noinit.ram/SDP.SINGLE_PRIM36.TDP
   of frag REGCLKBL connected to power/ground net
   adc_ff/adf1/U0/xst_fifo_generator/gconvfifo.rf/grf.rf/gntv_or_sync_fifo.mem/g
   bm.gbmg.gbmga.ngecc.bmg/gnativebmg.native_blk_mem_gen/valid.cstr/ramloop[13].
   ram.r/v5_noinit.ram/SDP.SINGLE_PRIM36.TDP_REGCLKBL_tiesig
WARNING:Pack:2874 - Trimming timing constraints from pin
   adc_ff/adf1/U0/xst_fifo_generator/gconvfifo.rf/grf.rf/gntv_or_sync_fifo.mem/g
   bm.gbmg.gbmga.ngecc.bmg/gnativebmg.native_blk_mem_gen/valid.cstr/ramloop[14].
   ram.r/v5_noinit.ram/SDP.SINGLE_PRIM36.TDP
   of frag REGCLKAU connected to power/ground net
   adc_ff/adf1/U0/xst_fifo_generator/gconvfifo.rf/grf.rf/gntv_or_sync_fifo.mem/g
   bm.gbmg.gbmga.ngecc.bmg/gnativebmg.native_blk_mem_gen/valid.cstr/ramloop[14].
   ram.r/v5_noinit.ram/SDP.SINGLE_PRIM36.TDP_REGCLKAU_tiesig
WARNING:Pack:2874 - Trimming timing constraints from pin
   adc_ff/adf1/U0/xst_fifo_generator/gconvfifo.rf/grf.rf/gntv_or_sync_fifo.mem/g
   bm.gbmg.gbmga.ngecc.bmg/gnativebmg.native_blk_mem_gen/valid.cstr/ramloop[14].
   ram.r/v5_noinit.ram/SDP.SINGLE_PRIM36.TDP
   of frag REGCLKAL connected to power/ground net
   adc_ff/adf1/U0/xst_fifo_generator/gconvfifo.rf/grf.rf/gntv_or_sync_fifo.mem/g
   bm.gbmg.gbmga.ngecc.bmg/gnativebmg.native_blk_mem_gen/valid.cstr/ramloop[14].
   ram.r/v5_noinit.ram/SDP.SINGLE_PRIM36.TDP_REGCLKAL_tiesig
WARNING:Pack:2874 - Trimming timing constraints from pin
   adc_ff/adf1/U0/xst_fifo_generator/gconvfifo.rf/grf.rf/gntv_or_sync_fifo.mem/g
   bm.gbmg.gbmga.ngecc.bmg/gnativebmg.native_blk_mem_gen/valid.cstr/ramloop[14].
   ram.r/v5_noinit.ram/SDP.SINGLE_PRIM36.TDP
   of frag REGCLKBU connected to power/ground net
   adc_ff/adf1/U0/xst_fifo_generator/gconvfifo.rf/grf.rf/gntv_or_sync_fifo.mem/g
   bm.gbmg.gbmga.ngecc.bmg/gnativebmg.native_blk_mem_gen/valid.cstr/ramloop[14].
   ram.r/v5_noinit.ram/SDP.SINGLE_PRIM36.TDP_REGCLKBU_tiesig
WARNING:Pack:2874 - Trimming timing constraints from pin
   adc_ff/adf1/U0/xst_fifo_generator/gconvfifo.rf/grf.rf/gntv_or_sync_fifo.mem/g
   bm.gbmg.gbmga.ngecc.bmg/gnativebmg.native_blk_mem_gen/valid.cstr/ramloop[14].
   ram.r/v5_noinit.ram/SDP.SINGLE_PRIM36.TDP
   of frag REGCLKBL connected to power/ground net
   adc_ff/adf1/U0/xst_fifo_generator/gconvfifo.rf/grf.rf/gntv_or_sync_fifo.mem/g
   bm.gbmg.gbmga.ngecc.bmg/gnativebmg.native_blk_mem_gen/valid.cstr/ramloop[14].
   ram.r/v5_noinit.ram/SDP.SINGLE_PRIM36.TDP_REGCLKBL_tiesig
WARNING:Pack:2874 - Trimming timing constraints from pin
   adc_ff/adf1/U0/xst_fifo_generator/gconvfifo.rf/grf.rf/gntv_or_sync_fifo.mem/g
   bm.gbmg.gbmga.ngecc.bmg/gnativebmg.native_blk_mem_gen/valid.cstr/ramloop[15].
   ram.r/v5_noinit.ram/SDP.SINGLE_PRIM36.TDP
   of frag REGCLKAU connected to power/ground net
   adc_ff/adf1/U0/xst_fifo_generator/gconvfifo.rf/grf.rf/gntv_or_sync_fifo.mem/g
   bm.gbmg.gbmga.ngecc.bmg/gnativebmg.native_blk_mem_gen/valid.cstr/ramloop[15].
   ram.r/v5_noinit.ram/SDP.SINGLE_PRIM36.TDP_REGCLKAU_tiesig
WARNING:Pack:2874 - Trimming timing constraints from pin
   adc_ff/adf1/U0/xst_fifo_generator/gconvfifo.rf/grf.rf/gntv_or_sync_fifo.mem/g
   bm.gbmg.gbmga.ngecc.bmg/gnativebmg.native_blk_mem_gen/valid.cstr/ramloop[15].
   ram.r/v5_noinit.ram/SDP.SINGLE_PRIM36.TDP
   of frag REGCLKAL connected to power/ground net
   adc_ff/adf1/U0/xst_fifo_generator/gconvfifo.rf/grf.rf/gntv_or_sync_fifo.mem/g
   bm.gbmg.gbmga.ngecc.bmg/gnativebmg.native_blk_mem_gen/valid.cstr/ramloop[15].
   ram.r/v5_noinit.ram/SDP.SINGLE_PRIM36.TDP_REGCLKAL_tiesig
WARNING:Pack:2874 - Trimming timing constraints from pin
   adc_ff/adf1/U0/xst_fifo_generator/gconvfifo.rf/grf.rf/gntv_or_sync_fifo.mem/g
   bm.gbmg.gbmga.ngecc.bmg/gnativebmg.native_blk_mem_gen/valid.cstr/ramloop[15].
   ram.r/v5_noinit.ram/SDP.SINGLE_PRIM36.TDP
   of frag REGCLKBU connected to power/ground net
   adc_ff/adf1/U0/xst_fifo_generator/gconvfifo.rf/grf.rf/gntv_or_sync_fifo.mem/g
   bm.gbmg.gbmga.ngecc.bmg/gnativebmg.native_blk_mem_gen/valid.cstr/ramloop[15].
   ram.r/v5_noinit.ram/SDP.SINGLE_PRIM36.TDP_REGCLKBU_tiesig
WARNING:Pack:2874 - Trimming timing constraints from pin
   adc_ff/adf1/U0/xst_fifo_generator/gconvfifo.rf/grf.rf/gntv_or_sync_fifo.mem/g
   bm.gbmg.gbmga.ngecc.bmg/gnativebmg.native_blk_mem_gen/valid.cstr/ramloop[15].
   ram.r/v5_noinit.ram/SDP.SINGLE_PRIM36.TDP
   of frag REGCLKBL connected to power/ground net
   adc_ff/adf1/U0/xst_fifo_generator/gconvfifo.rf/grf.rf/gntv_or_sync_fifo.mem/g
   bm.gbmg.gbmga.ngecc.bmg/gnativebmg.native_blk_mem_gen/valid.cstr/ramloop[15].
   ram.r/v5_noinit.ram/SDP.SINGLE_PRIM36.TDP_REGCLKBL_tiesig
WARNING:Pack:2874 - Trimming timing constraints from pin
   adc_ff/adf1/U0/xst_fifo_generator/gconvfifo.rf/grf.rf/gntv_or_sync_fifo.mem/g
   bm.gbmg.gbmga.ngecc.bmg/gnativebmg.native_blk_mem_gen/valid.cstr/ramloop[16].
   ram.r/v5_noinit.ram/SDP.SINGLE_PRIM36.TDP
   of frag REGCLKAU connected to power/ground net
   adc_ff/adf1/U0/xst_fifo_generator/gconvfifo.rf/grf.rf/gntv_or_sync_fifo.mem/g
   bm.gbmg.gbmga.ngecc.bmg/gnativebmg.native_blk_mem_gen/valid.cstr/ramloop[16].
   ram.r/v5_noinit.ram/SDP.SINGLE_PRIM36.TDP_REGCLKAU_tiesig
WARNING:Pack:2874 - Trimming timing constraints from pin
   adc_ff/adf1/U0/xst_fifo_generator/gconvfifo.rf/grf.rf/gntv_or_sync_fifo.mem/g
   bm.gbmg.gbmga.ngecc.bmg/gnativebmg.native_blk_mem_gen/valid.cstr/ramloop[16].
   ram.r/v5_noinit.ram/SDP.SINGLE_PRIM36.TDP
   of frag REGCLKAL connected to power/ground net
   adc_ff/adf1/U0/xst_fifo_generator/gconvfifo.rf/grf.rf/gntv_or_sync_fifo.mem/g
   bm.gbmg.gbmga.ngecc.bmg/gnativebmg.native_blk_mem_gen/valid.cstr/ramloop[16].
   ram.r/v5_noinit.ram/SDP.SINGLE_PRIM36.TDP_REGCLKAL_tiesig
WARNING:Pack:2874 - Trimming timing constraints from pin
   adc_ff/adf1/U0/xst_fifo_generator/gconvfifo.rf/grf.rf/gntv_or_sync_fifo.mem/g
   bm.gbmg.gbmga.ngecc.bmg/gnativebmg.native_blk_mem_gen/valid.cstr/ramloop[16].
   ram.r/v5_noinit.ram/SDP.SINGLE_PRIM36.TDP
   of frag REGCLKBU connected to power/ground net
   adc_ff/adf1/U0/xst_fifo_generator/gconvfifo.rf/grf.rf/gntv_or_sync_fifo.mem/g
   bm.gbmg.gbmga.ngecc.bmg/gnativebmg.native_blk_mem_gen/valid.cstr/ramloop[16].
   ram.r/v5_noinit.ram/SDP.SINGLE_PRIM36.TDP_REGCLKBU_tiesig
WARNING:Pack:2874 - Trimming timing constraints from pin
   adc_ff/adf1/U0/xst_fifo_generator/gconvfifo.rf/grf.rf/gntv_or_sync_fifo.mem/g
   bm.gbmg.gbmga.ngecc.bmg/gnativebmg.native_blk_mem_gen/valid.cstr/ramloop[16].
   ram.r/v5_noinit.ram/SDP.SINGLE_PRIM36.TDP
   of frag REGCLKBL connected to power/ground net
   adc_ff/adf1/U0/xst_fifo_generator/gconvfifo.rf/grf.rf/gntv_or_sync_fifo.mem/g
   bm.gbmg.gbmga.ngecc.bmg/gnativebmg.native_blk_mem_gen/valid.cstr/ramloop[16].
   ram.r/v5_noinit.ram/SDP.SINGLE_PRIM36.TDP_REGCLKBL_tiesig
WARNING:Pack:2874 - Trimming timing constraints from pin
   adc_ff/adf1/U0/xst_fifo_generator/gconvfifo.rf/grf.rf/gntv_or_sync_fifo.mem/g
   bm.gbmg.gbmga.ngecc.bmg/gnativebmg.native_blk_mem_gen/valid.cstr/ramloop[17].
   ram.r/v5_noinit.ram/SDP.SINGLE_PRIM36.TDP
   of frag REGCLKAU connected to power/ground net
   adc_ff/adf1/U0/xst_fifo_generator/gconvfifo.rf/grf.rf/gntv_or_sync_fifo.mem/g
   bm.gbmg.gbmga.ngecc.bmg/gnativebmg.native_blk_mem_gen/valid.cstr/ramloop[17].
   ram.r/v5_noinit.ram/SDP.SINGLE_PRIM36.TDP_REGCLKAU_tiesig
WARNING:Pack:2874 - Trimming timing constraints from pin
   adc_ff/adf1/U0/xst_fifo_generator/gconvfifo.rf/grf.rf/gntv_or_sync_fifo.mem/g
   bm.gbmg.gbmga.ngecc.bmg/gnativebmg.native_blk_mem_gen/valid.cstr/ramloop[17].
   ram.r/v5_noinit.ram/SDP.SINGLE_PRIM36.TDP
   of frag REGCLKAL connected to power/ground net
   adc_ff/adf1/U0/xst_fifo_generator/gconvfifo.rf/grf.rf/gntv_or_sync_fifo.mem/g
   bm.gbmg.gbmga.ngecc.bmg/gnativebmg.native_blk_mem_gen/valid.cstr/ramloop[17].
   ram.r/v5_noinit.ram/SDP.SINGLE_PRIM36.TDP_REGCLKAL_tiesig
WARNING:Pack:2874 - Trimming timing constraints from pin
   adc_ff/adf1/U0/xst_fifo_generator/gconvfifo.rf/grf.rf/gntv_or_sync_fifo.mem/g
   bm.gbmg.gbmga.ngecc.bmg/gnativebmg.native_blk_mem_gen/valid.cstr/ramloop[17].
   ram.r/v5_noinit.ram/SDP.SINGLE_PRIM36.TDP
   of frag REGCLKBU connected to power/ground net
   adc_ff/adf1/U0/xst_fifo_generator/gconvfifo.rf/grf.rf/gntv_or_sync_fifo.mem/g
   bm.gbmg.gbmga.ngecc.bmg/gnativebmg.native_blk_mem_gen/valid.cstr/ramloop[17].
   ram.r/v5_noinit.ram/SDP.SINGLE_PRIM36.TDP_REGCLKBU_tiesig
WARNING:Pack:2874 - Trimming timing constraints from pin
   adc_ff/adf1/U0/xst_fifo_generator/gconvfifo.rf/grf.rf/gntv_or_sync_fifo.mem/g
   bm.gbmg.gbmga.ngecc.bmg/gnativebmg.native_blk_mem_gen/valid.cstr/ramloop[17].
   ram.r/v5_noinit.ram/SDP.SINGLE_PRIM36.TDP
   of frag REGCLKBL connected to power/ground net
   adc_ff/adf1/U0/xst_fifo_generator/gconvfifo.rf/grf.rf/gntv_or_sync_fifo.mem/g
   bm.gbmg.gbmga.ngecc.bmg/gnativebmg.native_blk_mem_gen/valid.cstr/ramloop[17].
   ram.r/v5_noinit.ram/SDP.SINGLE_PRIM36.TDP_REGCLKBL_tiesig
WARNING:Pack:2874 - Trimming timing constraints from pin
   adc_ff/adf1/U0/xst_fifo_generator/gconvfifo.rf/grf.rf/gntv_or_sync_fifo.mem/g
   bm.gbmg.gbmga.ngecc.bmg/gnativebmg.native_blk_mem_gen/valid.cstr/ramloop[18].
   ram.r/v5_noinit.ram/SDP.SINGLE_PRIM36.TDP
   of frag REGCLKAU connected to power/ground net
   adc_ff/adf1/U0/xst_fifo_generator/gconvfifo.rf/grf.rf/gntv_or_sync_fifo.mem/g
   bm.gbmg.gbmga.ngecc.bmg/gnativebmg.native_blk_mem_gen/valid.cstr/ramloop[18].
   ram.r/v5_noinit.ram/SDP.SINGLE_PRIM36.TDP_REGCLKAU_tiesig
WARNING:Pack:2874 - Trimming timing constraints from pin
   adc_ff/adf1/U0/xst_fifo_generator/gconvfifo.rf/grf.rf/gntv_or_sync_fifo.mem/g
   bm.gbmg.gbmga.ngecc.bmg/gnativebmg.native_blk_mem_gen/valid.cstr/ramloop[18].
   ram.r/v5_noinit.ram/SDP.SINGLE_PRIM36.TDP
   of frag REGCLKAL connected to power/ground net
   adc_ff/adf1/U0/xst_fifo_generator/gconvfifo.rf/grf.rf/gntv_or_sync_fifo.mem/g
   bm.gbmg.gbmga.ngecc.bmg/gnativebmg.native_blk_mem_gen/valid.cstr/ramloop[18].
   ram.r/v5_noinit.ram/SDP.SINGLE_PRIM36.TDP_REGCLKAL_tiesig
WARNING:Pack:2874 - Trimming timing constraints from pin
   adc_ff/adf1/U0/xst_fifo_generator/gconvfifo.rf/grf.rf/gntv_or_sync_fifo.mem/g
   bm.gbmg.gbmga.ngecc.bmg/gnativebmg.native_blk_mem_gen/valid.cstr/ramloop[18].
   ram.r/v5_noinit.ram/SDP.SINGLE_PRIM36.TDP
   of frag REGCLKBU connected to power/ground net
   adc_ff/adf1/U0/xst_fifo_generator/gconvfifo.rf/grf.rf/gntv_or_sync_fifo.mem/g
   bm.gbmg.gbmga.ngecc.bmg/gnativebmg.native_blk_mem_gen/valid.cstr/ramloop[18].
   ram.r/v5_noinit.ram/SDP.SINGLE_PRIM36.TDP_REGCLKBU_tiesig
WARNING:Pack:2874 - Trimming timing constraints from pin
   adc_ff/adf1/U0/xst_fifo_generator/gconvfifo.rf/grf.rf/gntv_or_sync_fifo.mem/g
   bm.gbmg.gbmga.ngecc.bmg/gnativebmg.native_blk_mem_gen/valid.cstr/ramloop[18].
   ram.r/v5_noinit.ram/SDP.SINGLE_PRIM36.TDP
   of frag REGCLKBL connected to power/ground net
   adc_ff/adf1/U0/xst_fifo_generator/gconvfifo.rf/grf.rf/gntv_or_sync_fifo.mem/g
   bm.gbmg.gbmga.ngecc.bmg/gnativebmg.native_blk_mem_gen/valid.cstr/ramloop[18].
   ram.r/v5_noinit.ram/SDP.SINGLE_PRIM36.TDP_REGCLKBL_tiesig
WARNING:Pack:2874 - Trimming timing constraints from pin
   adc_ff/adf1/U0/xst_fifo_generator/gconvfifo.rf/grf.rf/gntv_or_sync_fifo.mem/g
   bm.gbmg.gbmga.ngecc.bmg/gnativebmg.native_blk_mem_gen/valid.cstr/ramloop[19].
   ram.r/v5_noinit.ram/SDP.SINGLE_PRIM36.TDP
   of frag REGCLKAU connected to power/ground net
   adc_ff/adf1/U0/xst_fifo_generator/gconvfifo.rf/grf.rf/gntv_or_sync_fifo.mem/g
   bm.gbmg.gbmga.ngecc.bmg/gnativebmg.native_blk_mem_gen/valid.cstr/ramloop[19].
   ram.r/v5_noinit.ram/SDP.SINGLE_PRIM36.TDP_REGCLKAU_tiesig
WARNING:Pack:2874 - Trimming timing constraints from pin
   adc_ff/adf1/U0/xst_fifo_generator/gconvfifo.rf/grf.rf/gntv_or_sync_fifo.mem/g
   bm.gbmg.gbmga.ngecc.bmg/gnativebmg.native_blk_mem_gen/valid.cstr/ramloop[19].
   ram.r/v5_noinit.ram/SDP.SINGLE_PRIM36.TDP
   of frag REGCLKAL connected to power/ground net
   adc_ff/adf1/U0/xst_fifo_generator/gconvfifo.rf/grf.rf/gntv_or_sync_fifo.mem/g
   bm.gbmg.gbmga.ngecc.bmg/gnativebmg.native_blk_mem_gen/valid.cstr/ramloop[19].
   ram.r/v5_noinit.ram/SDP.SINGLE_PRIM36.TDP_REGCLKAL_tiesig
WARNING:Pack:2874 - Trimming timing constraints from pin
   adc_ff/adf1/U0/xst_fifo_generator/gconvfifo.rf/grf.rf/gntv_or_sync_fifo.mem/g
   bm.gbmg.gbmga.ngecc.bmg/gnativebmg.native_blk_mem_gen/valid.cstr/ramloop[19].
   ram.r/v5_noinit.ram/SDP.SINGLE_PRIM36.TDP
   of frag REGCLKBU connected to power/ground net
   adc_ff/adf1/U0/xst_fifo_generator/gconvfifo.rf/grf.rf/gntv_or_sync_fifo.mem/g
   bm.gbmg.gbmga.ngecc.bmg/gnativebmg.native_blk_mem_gen/valid.cstr/ramloop[19].
   ram.r/v5_noinit.ram/SDP.SINGLE_PRIM36.TDP_REGCLKBU_tiesig
WARNING:Pack:2874 - Trimming timing constraints from pin
   adc_ff/adf1/U0/xst_fifo_generator/gconvfifo.rf/grf.rf/gntv_or_sync_fifo.mem/g
   bm.gbmg.gbmga.ngecc.bmg/gnativebmg.native_blk_mem_gen/valid.cstr/ramloop[19].
   ram.r/v5_noinit.ram/SDP.SINGLE_PRIM36.TDP
   of frag REGCLKBL connected to power/ground net
   adc_ff/adf1/U0/xst_fifo_generator/gconvfifo.rf/grf.rf/gntv_or_sync_fifo.mem/g
   bm.gbmg.gbmga.ngecc.bmg/gnativebmg.native_blk_mem_gen/valid.cstr/ramloop[19].
   ram.r/v5_noinit.ram/SDP.SINGLE_PRIM36.TDP_REGCLKBL_tiesig
WARNING:Pack:2874 - Trimming timing constraints from pin
   adc_ff/adf1/U0/xst_fifo_generator/gconvfifo.rf/grf.rf/gntv_or_sync_fifo.mem/g
   bm.gbmg.gbmga.ngecc.bmg/gnativebmg.native_blk_mem_gen/valid.cstr/ramloop[1].r
   am.r/v5_noinit.ram/SDP.SINGLE_PRIM36.TDP
   of frag REGCLKAU connected to power/ground net
   adc_ff/adf1/U0/xst_fifo_generator/gconvfifo.rf/grf.rf/gntv_or_sync_fifo.mem/g
   bm.gbmg.gbmga.ngecc.bmg/gnativebmg.native_blk_mem_gen/valid.cstr/ramloop[1].r
   am.r/v5_noinit.ram/SDP.SINGLE_PRIM36.TDP_REGCLKAU_tiesig
WARNING:Pack:2874 - Trimming timing constraints from pin
   adc_ff/adf1/U0/xst_fifo_generator/gconvfifo.rf/grf.rf/gntv_or_sync_fifo.mem/g
   bm.gbmg.gbmga.ngecc.bmg/gnativebmg.native_blk_mem_gen/valid.cstr/ramloop[1].r
   am.r/v5_noinit.ram/SDP.SINGLE_PRIM36.TDP
   of frag REGCLKAL connected to power/ground net
   adc_ff/adf1/U0/xst_fifo_generator/gconvfifo.rf/grf.rf/gntv_or_sync_fifo.mem/g
   bm.gbmg.gbmga.ngecc.bmg/gnativebmg.native_blk_mem_gen/valid.cstr/ramloop[1].r
   am.r/v5_noinit.ram/SDP.SINGLE_PRIM36.TDP_REGCLKAL_tiesig
WARNING:Pack:2874 - Trimming timing constraints from pin
   adc_ff/adf1/U0/xst_fifo_generator/gconvfifo.rf/grf.rf/gntv_or_sync_fifo.mem/g
   bm.gbmg.gbmga.ngecc.bmg/gnativebmg.native_blk_mem_gen/valid.cstr/ramloop[1].r
   am.r/v5_noinit.ram/SDP.SINGLE_PRIM36.TDP
   of frag REGCLKBU connected to power/ground net
   adc_ff/adf1/U0/xst_fifo_generator/gconvfifo.rf/grf.rf/gntv_or_sync_fifo.mem/g
   bm.gbmg.gbmga.ngecc.bmg/gnativebmg.native_blk_mem_gen/valid.cstr/ramloop[1].r
   am.r/v5_noinit.ram/SDP.SINGLE_PRIM36.TDP_REGCLKBU_tiesig
WARNING:Pack:2874 - Trimming timing constraints from pin
   adc_ff/adf1/U0/xst_fifo_generator/gconvfifo.rf/grf.rf/gntv_or_sync_fifo.mem/g
   bm.gbmg.gbmga.ngecc.bmg/gnativebmg.native_blk_mem_gen/valid.cstr/ramloop[1].r
   am.r/v5_noinit.ram/SDP.SINGLE_PRIM36.TDP
   of frag REGCLKBL connected to power/ground net
   adc_ff/adf1/U0/xst_fifo_generator/gconvfifo.rf/grf.rf/gntv_or_sync_fifo.mem/g
   bm.gbmg.gbmga.ngecc.bmg/gnativebmg.native_blk_mem_gen/valid.cstr/ramloop[1].r
   am.r/v5_noinit.ram/SDP.SINGLE_PRIM36.TDP_REGCLKBL_tiesig
WARNING:Pack:2874 - Trimming timing constraints from pin
   adc_ff/adf1/U0/xst_fifo_generator/gconvfifo.rf/grf.rf/gntv_or_sync_fifo.mem/g
   bm.gbmg.gbmga.ngecc.bmg/gnativebmg.native_blk_mem_gen/valid.cstr/ramloop[20].
   ram.r/v5_noinit.ram/SDP.SINGLE_PRIM36.TDP
   of frag REGCLKAU connected to power/ground net
   adc_ff/adf1/U0/xst_fifo_generator/gconvfifo.rf/grf.rf/gntv_or_sync_fifo.mem/g
   bm.gbmg.gbmga.ngecc.bmg/gnativebmg.native_blk_mem_gen/valid.cstr/ramloop[20].
   ram.r/v5_noinit.ram/SDP.SINGLE_PRIM36.TDP_REGCLKAU_tiesig
WARNING:Pack:2874 - Trimming timing constraints from pin
   adc_ff/adf1/U0/xst_fifo_generator/gconvfifo.rf/grf.rf/gntv_or_sync_fifo.mem/g
   bm.gbmg.gbmga.ngecc.bmg/gnativebmg.native_blk_mem_gen/valid.cstr/ramloop[20].
   ram.r/v5_noinit.ram/SDP.SINGLE_PRIM36.TDP
   of frag REGCLKAL connected to power/ground net
   adc_ff/adf1/U0/xst_fifo_generator/gconvfifo.rf/grf.rf/gntv_or_sync_fifo.mem/g
   bm.gbmg.gbmga.ngecc.bmg/gnativebmg.native_blk_mem_gen/valid.cstr/ramloop[20].
   ram.r/v5_noinit.ram/SDP.SINGLE_PRIM36.TDP_REGCLKAL_tiesig
WARNING:Pack:2874 - Trimming timing constraints from pin
   adc_ff/adf1/U0/xst_fifo_generator/gconvfifo.rf/grf.rf/gntv_or_sync_fifo.mem/g
   bm.gbmg.gbmga.ngecc.bmg/gnativebmg.native_blk_mem_gen/valid.cstr/ramloop[20].
   ram.r/v5_noinit.ram/SDP.SINGLE_PRIM36.TDP
   of frag REGCLKBU connected to power/ground net
   adc_ff/adf1/U0/xst_fifo_generator/gconvfifo.rf/grf.rf/gntv_or_sync_fifo.mem/g
   bm.gbmg.gbmga.ngecc.bmg/gnativebmg.native_blk_mem_gen/valid.cstr/ramloop[20].
   ram.r/v5_noinit.ram/SDP.SINGLE_PRIM36.TDP_REGCLKBU_tiesig
WARNING:Pack:2874 - Trimming timing constraints from pin
   adc_ff/adf1/U0/xst_fifo_generator/gconvfifo.rf/grf.rf/gntv_or_sync_fifo.mem/g
   bm.gbmg.gbmga.ngecc.bmg/gnativebmg.native_blk_mem_gen/valid.cstr/ramloop[20].
   ram.r/v5_noinit.ram/SDP.SINGLE_PRIM36.TDP
   of frag REGCLKBL connected to power/ground net
   adc_ff/adf1/U0/xst_fifo_generator/gconvfifo.rf/grf.rf/gntv_or_sync_fifo.mem/g
   bm.gbmg.gbmga.ngecc.bmg/gnativebmg.native_blk_mem_gen/valid.cstr/ramloop[20].
   ram.r/v5_noinit.ram/SDP.SINGLE_PRIM36.TDP_REGCLKBL_tiesig
WARNING:Pack:2874 - Trimming timing constraints from pin
   adc_ff/adf1/U0/xst_fifo_generator/gconvfifo.rf/grf.rf/gntv_or_sync_fifo.mem/g
   bm.gbmg.gbmga.ngecc.bmg/gnativebmg.native_blk_mem_gen/valid.cstr/ramloop[21].
   ram.r/v5_noinit.ram/SDP.SINGLE_PRIM36.TDP
   of frag REGCLKAU connected to power/ground net
   adc_ff/adf1/U0/xst_fifo_generator/gconvfifo.rf/grf.rf/gntv_or_sync_fifo.mem/g
   bm.gbmg.gbmga.ngecc.bmg/gnativebmg.native_blk_mem_gen/valid.cstr/ramloop[21].
   ram.r/v5_noinit.ram/SDP.SINGLE_PRIM36.TDP_REGCLKAU_tiesig
WARNING:Pack:2874 - Trimming timing constraints from pin
   adc_ff/adf1/U0/xst_fifo_generator/gconvfifo.rf/grf.rf/gntv_or_sync_fifo.mem/g
   bm.gbmg.gbmga.ngecc.bmg/gnativebmg.native_blk_mem_gen/valid.cstr/ramloop[21].
   ram.r/v5_noinit.ram/SDP.SINGLE_PRIM36.TDP
   of frag REGCLKAL connected to power/ground net
   adc_ff/adf1/U0/xst_fifo_generator/gconvfifo.rf/grf.rf/gntv_or_sync_fifo.mem/g
   bm.gbmg.gbmga.ngecc.bmg/gnativebmg.native_blk_mem_gen/valid.cstr/ramloop[21].
   ram.r/v5_noinit.ram/SDP.SINGLE_PRIM36.TDP_REGCLKAL_tiesig
WARNING:Pack:2874 - Trimming timing constraints from pin
   adc_ff/adf1/U0/xst_fifo_generator/gconvfifo.rf/grf.rf/gntv_or_sync_fifo.mem/g
   bm.gbmg.gbmga.ngecc.bmg/gnativebmg.native_blk_mem_gen/valid.cstr/ramloop[21].
   ram.r/v5_noinit.ram/SDP.SINGLE_PRIM36.TDP
   of frag REGCLKBU connected to power/ground net
   adc_ff/adf1/U0/xst_fifo_generator/gconvfifo.rf/grf.rf/gntv_or_sync_fifo.mem/g
   bm.gbmg.gbmga.ngecc.bmg/gnativebmg.native_blk_mem_gen/valid.cstr/ramloop[21].
   ram.r/v5_noinit.ram/SDP.SINGLE_PRIM36.TDP_REGCLKBU_tiesig
WARNING:Pack:2874 - Trimming timing constraints from pin
   adc_ff/adf1/U0/xst_fifo_generator/gconvfifo.rf/grf.rf/gntv_or_sync_fifo.mem/g
   bm.gbmg.gbmga.ngecc.bmg/gnativebmg.native_blk_mem_gen/valid.cstr/ramloop[21].
   ram.r/v5_noinit.ram/SDP.SINGLE_PRIM36.TDP
   of frag REGCLKBL connected to power/ground net
   adc_ff/adf1/U0/xst_fifo_generator/gconvfifo.rf/grf.rf/gntv_or_sync_fifo.mem/g
   bm.gbmg.gbmga.ngecc.bmg/gnativebmg.native_blk_mem_gen/valid.cstr/ramloop[21].
   ram.r/v5_noinit.ram/SDP.SINGLE_PRIM36.TDP_REGCLKBL_tiesig
WARNING:Pack:2874 - Trimming timing constraints from pin
   adc_ff/adf1/U0/xst_fifo_generator/gconvfifo.rf/grf.rf/gntv_or_sync_fifo.mem/g
   bm.gbmg.gbmga.ngecc.bmg/gnativebmg.native_blk_mem_gen/valid.cstr/ramloop[22].
   ram.r/v5_noinit.ram/SDP.SINGLE_PRIM36.TDP
   of frag REGCLKAU connected to power/ground net
   adc_ff/adf1/U0/xst_fifo_generator/gconvfifo.rf/grf.rf/gntv_or_sync_fifo.mem/g
   bm.gbmg.gbmga.ngecc.bmg/gnativebmg.native_blk_mem_gen/valid.cstr/ramloop[22].
   ram.r/v5_noinit.ram/SDP.SINGLE_PRIM36.TDP_REGCLKAU_tiesig
WARNING:Pack:2874 - Trimming timing constraints from pin
   adc_ff/adf1/U0/xst_fifo_generator/gconvfifo.rf/grf.rf/gntv_or_sync_fifo.mem/g
   bm.gbmg.gbmga.ngecc.bmg/gnativebmg.native_blk_mem_gen/valid.cstr/ramloop[22].
   ram.r/v5_noinit.ram/SDP.SINGLE_PRIM36.TDP
   of frag REGCLKAL connected to power/ground net
   adc_ff/adf1/U0/xst_fifo_generator/gconvfifo.rf/grf.rf/gntv_or_sync_fifo.mem/g
   bm.gbmg.gbmga.ngecc.bmg/gnativebmg.native_blk_mem_gen/valid.cstr/ramloop[22].
   ram.r/v5_noinit.ram/SDP.SINGLE_PRIM36.TDP_REGCLKAL_tiesig
WARNING:Pack:2874 - Trimming timing constraints from pin
   adc_ff/adf1/U0/xst_fifo_generator/gconvfifo.rf/grf.rf/gntv_or_sync_fifo.mem/g
   bm.gbmg.gbmga.ngecc.bmg/gnativebmg.native_blk_mem_gen/valid.cstr/ramloop[22].
   ram.r/v5_noinit.ram/SDP.SINGLE_PRIM36.TDP
   of frag REGCLKBU connected to power/ground net
   adc_ff/adf1/U0/xst_fifo_generator/gconvfifo.rf/grf.rf/gntv_or_sync_fifo.mem/g
   bm.gbmg.gbmga.ngecc.bmg/gnativebmg.native_blk_mem_gen/valid.cstr/ramloop[22].
   ram.r/v5_noinit.ram/SDP.SINGLE_PRIM36.TDP_REGCLKBU_tiesig
WARNING:Pack:2874 - Trimming timing constraints from pin
   adc_ff/adf1/U0/xst_fifo_generator/gconvfifo.rf/grf.rf/gntv_or_sync_fifo.mem/g
   bm.gbmg.gbmga.ngecc.bmg/gnativebmg.native_blk_mem_gen/valid.cstr/ramloop[22].
   ram.r/v5_noinit.ram/SDP.SINGLE_PRIM36.TDP
   of frag REGCLKBL connected to power/ground net
   adc_ff/adf1/U0/xst_fifo_generator/gconvfifo.rf/grf.rf/gntv_or_sync_fifo.mem/g
   bm.gbmg.gbmga.ngecc.bmg/gnativebmg.native_blk_mem_gen/valid.cstr/ramloop[22].
   ram.r/v5_noinit.ram/SDP.SINGLE_PRIM36.TDP_REGCLKBL_tiesig
WARNING:Pack:2874 - Trimming timing constraints from pin
   adc_ff/adf1/U0/xst_fifo_generator/gconvfifo.rf/grf.rf/gntv_or_sync_fifo.mem/g
   bm.gbmg.gbmga.ngecc.bmg/gnativebmg.native_blk_mem_gen/valid.cstr/ramloop[23].
   ram.r/v5_noinit.ram/SDP.SINGLE_PRIM36.TDP
   of frag REGCLKAU connected to power/ground net
   adc_ff/adf1/U0/xst_fifo_generator/gconvfifo.rf/grf.rf/gntv_or_sync_fifo.mem/g
   bm.gbmg.gbmga.ngecc.bmg/gnativebmg.native_blk_mem_gen/valid.cstr/ramloop[23].
   ram.r/v5_noinit.ram/SDP.SINGLE_PRIM36.TDP_REGCLKAU_tiesig
WARNING:Pack:2874 - Trimming timing constraints from pin
   adc_ff/adf1/U0/xst_fifo_generator/gconvfifo.rf/grf.rf/gntv_or_sync_fifo.mem/g
   bm.gbmg.gbmga.ngecc.bmg/gnativebmg.native_blk_mem_gen/valid.cstr/ramloop[23].
   ram.r/v5_noinit.ram/SDP.SINGLE_PRIM36.TDP
   of frag REGCLKAL connected to power/ground net
   adc_ff/adf1/U0/xst_fifo_generator/gconvfifo.rf/grf.rf/gntv_or_sync_fifo.mem/g
   bm.gbmg.gbmga.ngecc.bmg/gnativebmg.native_blk_mem_gen/valid.cstr/ramloop[23].
   ram.r/v5_noinit.ram/SDP.SINGLE_PRIM36.TDP_REGCLKAL_tiesig
WARNING:Pack:2874 - Trimming timing constraints from pin
   adc_ff/adf1/U0/xst_fifo_generator/gconvfifo.rf/grf.rf/gntv_or_sync_fifo.mem/g
   bm.gbmg.gbmga.ngecc.bmg/gnativebmg.native_blk_mem_gen/valid.cstr/ramloop[23].
   ram.r/v5_noinit.ram/SDP.SINGLE_PRIM36.TDP
   of frag REGCLKBU connected to power/ground net
   adc_ff/adf1/U0/xst_fifo_generator/gconvfifo.rf/grf.rf/gntv_or_sync_fifo.mem/g
   bm.gbmg.gbmga.ngecc.bmg/gnativebmg.native_blk_mem_gen/valid.cstr/ramloop[23].
   ram.r/v5_noinit.ram/SDP.SINGLE_PRIM36.TDP_REGCLKBU_tiesig
WARNING:Pack:2874 - Trimming timing constraints from pin
   adc_ff/adf1/U0/xst_fifo_generator/gconvfifo.rf/grf.rf/gntv_or_sync_fifo.mem/g
   bm.gbmg.gbmga.ngecc.bmg/gnativebmg.native_blk_mem_gen/valid.cstr/ramloop[23].
   ram.r/v5_noinit.ram/SDP.SINGLE_PRIM36.TDP
   of frag REGCLKBL connected to power/ground net
   adc_ff/adf1/U0/xst_fifo_generator/gconvfifo.rf/grf.rf/gntv_or_sync_fifo.mem/g
   bm.gbmg.gbmga.ngecc.bmg/gnativebmg.native_blk_mem_gen/valid.cstr/ramloop[23].
   ram.r/v5_noinit.ram/SDP.SINGLE_PRIM36.TDP_REGCLKBL_tiesig
WARNING:Pack:2874 - Trimming timing constraints from pin
   adc_ff/adf1/U0/xst_fifo_generator/gconvfifo.rf/grf.rf/gntv_or_sync_fifo.mem/g
   bm.gbmg.gbmga.ngecc.bmg/gnativebmg.native_blk_mem_gen/valid.cstr/ramloop[24].
   ram.r/v5_noinit.ram/SDP.SINGLE_PRIM36.TDP
   of frag REGCLKAU connected to power/ground net
   adc_ff/adf1/U0/xst_fifo_generator/gconvfifo.rf/grf.rf/gntv_or_sync_fifo.mem/g
   bm.gbmg.gbmga.ngecc.bmg/gnativebmg.native_blk_mem_gen/valid.cstr/ramloop[24].
   ram.r/v5_noinit.ram/SDP.SINGLE_PRIM36.TDP_REGCLKAU_tiesig
WARNING:Pack:2874 - Trimming timing constraints from pin
   adc_ff/adf1/U0/xst_fifo_generator/gconvfifo.rf/grf.rf/gntv_or_sync_fifo.mem/g
   bm.gbmg.gbmga.ngecc.bmg/gnativebmg.native_blk_mem_gen/valid.cstr/ramloop[24].
   ram.r/v5_noinit.ram/SDP.SINGLE_PRIM36.TDP
   of frag REGCLKAL connected to power/ground net
   adc_ff/adf1/U0/xst_fifo_generator/gconvfifo.rf/grf.rf/gntv_or_sync_fifo.mem/g
   bm.gbmg.gbmga.ngecc.bmg/gnativebmg.native_blk_mem_gen/valid.cstr/ramloop[24].
   ram.r/v5_noinit.ram/SDP.SINGLE_PRIM36.TDP_REGCLKAL_tiesig
WARNING:Pack:2874 - Trimming timing constraints from pin
   adc_ff/adf1/U0/xst_fifo_generator/gconvfifo.rf/grf.rf/gntv_or_sync_fifo.mem/g
   bm.gbmg.gbmga.ngecc.bmg/gnativebmg.native_blk_mem_gen/valid.cstr/ramloop[24].
   ram.r/v5_noinit.ram/SDP.SINGLE_PRIM36.TDP
   of frag REGCLKBU connected to power/ground net
   adc_ff/adf1/U0/xst_fifo_generator/gconvfifo.rf/grf.rf/gntv_or_sync_fifo.mem/g
   bm.gbmg.gbmga.ngecc.bmg/gnativebmg.native_blk_mem_gen/valid.cstr/ramloop[24].
   ram.r/v5_noinit.ram/SDP.SINGLE_PRIM36.TDP_REGCLKBU_tiesig
WARNING:Pack:2874 - Trimming timing constraints from pin
   adc_ff/adf1/U0/xst_fifo_generator/gconvfifo.rf/grf.rf/gntv_or_sync_fifo.mem/g
   bm.gbmg.gbmga.ngecc.bmg/gnativebmg.native_blk_mem_gen/valid.cstr/ramloop[24].
   ram.r/v5_noinit.ram/SDP.SINGLE_PRIM36.TDP
   of frag REGCLKBL connected to power/ground net
   adc_ff/adf1/U0/xst_fifo_generator/gconvfifo.rf/grf.rf/gntv_or_sync_fifo.mem/g
   bm.gbmg.gbmga.ngecc.bmg/gnativebmg.native_blk_mem_gen/valid.cstr/ramloop[24].
   ram.r/v5_noinit.ram/SDP.SINGLE_PRIM36.TDP_REGCLKBL_tiesig
WARNING:Pack:2874 - Trimming timing constraints from pin
   adc_ff/adf1/U0/xst_fifo_generator/gconvfifo.rf/grf.rf/gntv_or_sync_fifo.mem/g
   bm.gbmg.gbmga.ngecc.bmg/gnativebmg.native_blk_mem_gen/valid.cstr/ramloop[25].
   ram.r/v5_noinit.ram/SDP.SINGLE_PRIM36.TDP
   of frag REGCLKAU connected to power/ground net
   adc_ff/adf1/U0/xst_fifo_generator/gconvfifo.rf/grf.rf/gntv_or_sync_fifo.mem/g
   bm.gbmg.gbmga.ngecc.bmg/gnativebmg.native_blk_mem_gen/valid.cstr/ramloop[25].
   ram.r/v5_noinit.ram/SDP.SINGLE_PRIM36.TDP_REGCLKAU_tiesig
WARNING:Pack:2874 - Trimming timing constraints from pin
   adc_ff/adf1/U0/xst_fifo_generator/gconvfifo.rf/grf.rf/gntv_or_sync_fifo.mem/g
   bm.gbmg.gbmga.ngecc.bmg/gnativebmg.native_blk_mem_gen/valid.cstr/ramloop[25].
   ram.r/v5_noinit.ram/SDP.SINGLE_PRIM36.TDP
   of frag REGCLKAL connected to power/ground net
   adc_ff/adf1/U0/xst_fifo_generator/gconvfifo.rf/grf.rf/gntv_or_sync_fifo.mem/g
   bm.gbmg.gbmga.ngecc.bmg/gnativebmg.native_blk_mem_gen/valid.cstr/ramloop[25].
   ram.r/v5_noinit.ram/SDP.SINGLE_PRIM36.TDP_REGCLKAL_tiesig
WARNING:Pack:2874 - Trimming timing constraints from pin
   adc_ff/adf1/U0/xst_fifo_generator/gconvfifo.rf/grf.rf/gntv_or_sync_fifo.mem/g
   bm.gbmg.gbmga.ngecc.bmg/gnativebmg.native_blk_mem_gen/valid.cstr/ramloop[25].
   ram.r/v5_noinit.ram/SDP.SINGLE_PRIM36.TDP
   of frag REGCLKBU connected to power/ground net
   adc_ff/adf1/U0/xst_fifo_generator/gconvfifo.rf/grf.rf/gntv_or_sync_fifo.mem/g
   bm.gbmg.gbmga.ngecc.bmg/gnativebmg.native_blk_mem_gen/valid.cstr/ramloop[25].
   ram.r/v5_noinit.ram/SDP.SINGLE_PRIM36.TDP_REGCLKBU_tiesig
WARNING:Pack:2874 - Trimming timing constraints from pin
   adc_ff/adf1/U0/xst_fifo_generator/gconvfifo.rf/grf.rf/gntv_or_sync_fifo.mem/g
   bm.gbmg.gbmga.ngecc.bmg/gnativebmg.native_blk_mem_gen/valid.cstr/ramloop[25].
   ram.r/v5_noinit.ram/SDP.SINGLE_PRIM36.TDP
   of frag REGCLKBL connected to power/ground net
   adc_ff/adf1/U0/xst_fifo_generator/gconvfifo.rf/grf.rf/gntv_or_sync_fifo.mem/g
   bm.gbmg.gbmga.ngecc.bmg/gnativebmg.native_blk_mem_gen/valid.cstr/ramloop[25].
   ram.r/v5_noinit.ram/SDP.SINGLE_PRIM36.TDP_REGCLKBL_tiesig
WARNING:Pack:2874 - Trimming timing constraints from pin
   adc_ff/adf1/U0/xst_fifo_generator/gconvfifo.rf/grf.rf/gntv_or_sync_fifo.mem/g
   bm.gbmg.gbmga.ngecc.bmg/gnativebmg.native_blk_mem_gen/valid.cstr/ramloop[26].
   ram.r/v5_noinit.ram/SDP.SINGLE_PRIM36.TDP
   of frag REGCLKAU connected to power/ground net
   adc_ff/adf1/U0/xst_fifo_generator/gconvfifo.rf/grf.rf/gntv_or_sync_fifo.mem/g
   bm.gbmg.gbmga.ngecc.bmg/gnativebmg.native_blk_mem_gen/valid.cstr/ramloop[26].
   ram.r/v5_noinit.ram/SDP.SINGLE_PRIM36.TDP_REGCLKAU_tiesig
WARNING:Pack:2874 - Trimming timing constraints from pin
   adc_ff/adf1/U0/xst_fifo_generator/gconvfifo.rf/grf.rf/gntv_or_sync_fifo.mem/g
   bm.gbmg.gbmga.ngecc.bmg/gnativebmg.native_blk_mem_gen/valid.cstr/ramloop[26].
   ram.r/v5_noinit.ram/SDP.SINGLE_PRIM36.TDP
   of frag REGCLKAL connected to power/ground net
   adc_ff/adf1/U0/xst_fifo_generator/gconvfifo.rf/grf.rf/gntv_or_sync_fifo.mem/g
   bm.gbmg.gbmga.ngecc.bmg/gnativebmg.native_blk_mem_gen/valid.cstr/ramloop[26].
   ram.r/v5_noinit.ram/SDP.SINGLE_PRIM36.TDP_REGCLKAL_tiesig
WARNING:Pack:2874 - Trimming timing constraints from pin
   adc_ff/adf1/U0/xst_fifo_generator/gconvfifo.rf/grf.rf/gntv_or_sync_fifo.mem/g
   bm.gbmg.gbmga.ngecc.bmg/gnativebmg.native_blk_mem_gen/valid.cstr/ramloop[26].
   ram.r/v5_noinit.ram/SDP.SINGLE_PRIM36.TDP
   of frag REGCLKBU connected to power/ground net
   adc_ff/adf1/U0/xst_fifo_generator/gconvfifo.rf/grf.rf/gntv_or_sync_fifo.mem/g
   bm.gbmg.gbmga.ngecc.bmg/gnativebmg.native_blk_mem_gen/valid.cstr/ramloop[26].
   ram.r/v5_noinit.ram/SDP.SINGLE_PRIM36.TDP_REGCLKBU_tiesig
WARNING:Pack:2874 - Trimming timing constraints from pin
   adc_ff/adf1/U0/xst_fifo_generator/gconvfifo.rf/grf.rf/gntv_or_sync_fifo.mem/g
   bm.gbmg.gbmga.ngecc.bmg/gnativebmg.native_blk_mem_gen/valid.cstr/ramloop[26].
   ram.r/v5_noinit.ram/SDP.SINGLE_PRIM36.TDP
   of frag REGCLKBL connected to power/ground net
   adc_ff/adf1/U0/xst_fifo_generator/gconvfifo.rf/grf.rf/gntv_or_sync_fifo.mem/g
   bm.gbmg.gbmga.ngecc.bmg/gnativebmg.native_blk_mem_gen/valid.cstr/ramloop[26].
   ram.r/v5_noinit.ram/SDP.SINGLE_PRIM36.TDP_REGCLKBL_tiesig
WARNING:Pack:2874 - Trimming timing constraints from pin
   adc_ff/adf1/U0/xst_fifo_generator/gconvfifo.rf/grf.rf/gntv_or_sync_fifo.mem/g
   bm.gbmg.gbmga.ngecc.bmg/gnativebmg.native_blk_mem_gen/valid.cstr/ramloop[27].
   ram.r/v5_noinit.ram/SDP.SINGLE_PRIM36.TDP
   of frag REGCLKAU connected to power/ground net
   adc_ff/adf1/U0/xst_fifo_generator/gconvfifo.rf/grf.rf/gntv_or_sync_fifo.mem/g
   bm.gbmg.gbmga.ngecc.bmg/gnativebmg.native_blk_mem_gen/valid.cstr/ramloop[27].
   ram.r/v5_noinit.ram/SDP.SINGLE_PRIM36.TDP_REGCLKAU_tiesig
WARNING:Pack:2874 - Trimming timing constraints from pin
   adc_ff/adf1/U0/xst_fifo_generator/gconvfifo.rf/grf.rf/gntv_or_sync_fifo.mem/g
   bm.gbmg.gbmga.ngecc.bmg/gnativebmg.native_blk_mem_gen/valid.cstr/ramloop[27].
   ram.r/v5_noinit.ram/SDP.SINGLE_PRIM36.TDP
   of frag REGCLKAL connected to power/ground net
   adc_ff/adf1/U0/xst_fifo_generator/gconvfifo.rf/grf.rf/gntv_or_sync_fifo.mem/g
   bm.gbmg.gbmga.ngecc.bmg/gnativebmg.native_blk_mem_gen/valid.cstr/ramloop[27].
   ram.r/v5_noinit.ram/SDP.SINGLE_PRIM36.TDP_REGCLKAL_tiesig
WARNING:Pack:2874 - Trimming timing constraints from pin
   adc_ff/adf1/U0/xst_fifo_generator/gconvfifo.rf/grf.rf/gntv_or_sync_fifo.mem/g
   bm.gbmg.gbmga.ngecc.bmg/gnativebmg.native_blk_mem_gen/valid.cstr/ramloop[27].
   ram.r/v5_noinit.ram/SDP.SINGLE_PRIM36.TDP
   of frag REGCLKBU connected to power/ground net
   adc_ff/adf1/U0/xst_fifo_generator/gconvfifo.rf/grf.rf/gntv_or_sync_fifo.mem/g
   bm.gbmg.gbmga.ngecc.bmg/gnativebmg.native_blk_mem_gen/valid.cstr/ramloop[27].
   ram.r/v5_noinit.ram/SDP.SINGLE_PRIM36.TDP_REGCLKBU_tiesig
WARNING:Pack:2874 - Trimming timing constraints from pin
   adc_ff/adf1/U0/xst_fifo_generator/gconvfifo.rf/grf.rf/gntv_or_sync_fifo.mem/g
   bm.gbmg.gbmga.ngecc.bmg/gnativebmg.native_blk_mem_gen/valid.cstr/ramloop[27].
   ram.r/v5_noinit.ram/SDP.SINGLE_PRIM36.TDP
   of frag REGCLKBL connected to power/ground net
   adc_ff/adf1/U0/xst_fifo_generator/gconvfifo.rf/grf.rf/gntv_or_sync_fifo.mem/g
   bm.gbmg.gbmga.ngecc.bmg/gnativebmg.native_blk_mem_gen/valid.cstr/ramloop[27].
   ram.r/v5_noinit.ram/SDP.SINGLE_PRIM36.TDP_REGCLKBL_tiesig
WARNING:Pack:2874 - Trimming timing constraints from pin
   adc_ff/adf1/U0/xst_fifo_generator/gconvfifo.rf/grf.rf/gntv_or_sync_fifo.mem/g
   bm.gbmg.gbmga.ngecc.bmg/gnativebmg.native_blk_mem_gen/valid.cstr/ramloop[28].
   ram.r/v5_noinit.ram/SDP.SINGLE_PRIM36.TDP
   of frag REGCLKAU connected to power/ground net
   adc_ff/adf1/U0/xst_fifo_generator/gconvfifo.rf/grf.rf/gntv_or_sync_fifo.mem/g
   bm.gbmg.gbmga.ngecc.bmg/gnativebmg.native_blk_mem_gen/valid.cstr/ramloop[28].
   ram.r/v5_noinit.ram/SDP.SINGLE_PRIM36.TDP_REGCLKAU_tiesig
WARNING:Pack:2874 - Trimming timing constraints from pin
   adc_ff/adf1/U0/xst_fifo_generator/gconvfifo.rf/grf.rf/gntv_or_sync_fifo.mem/g
   bm.gbmg.gbmga.ngecc.bmg/gnativebmg.native_blk_mem_gen/valid.cstr/ramloop[28].
   ram.r/v5_noinit.ram/SDP.SINGLE_PRIM36.TDP
   of frag REGCLKAL connected to power/ground net
   adc_ff/adf1/U0/xst_fifo_generator/gconvfifo.rf/grf.rf/gntv_or_sync_fifo.mem/g
   bm.gbmg.gbmga.ngecc.bmg/gnativebmg.native_blk_mem_gen/valid.cstr/ramloop[28].
   ram.r/v5_noinit.ram/SDP.SINGLE_PRIM36.TDP_REGCLKAL_tiesig
WARNING:Pack:2874 - Trimming timing constraints from pin
   adc_ff/adf1/U0/xst_fifo_generator/gconvfifo.rf/grf.rf/gntv_or_sync_fifo.mem/g
   bm.gbmg.gbmga.ngecc.bmg/gnativebmg.native_blk_mem_gen/valid.cstr/ramloop[28].
   ram.r/v5_noinit.ram/SDP.SINGLE_PRIM36.TDP
   of frag REGCLKBU connected to power/ground net
   adc_ff/adf1/U0/xst_fifo_generator/gconvfifo.rf/grf.rf/gntv_or_sync_fifo.mem/g
   bm.gbmg.gbmga.ngecc.bmg/gnativebmg.native_blk_mem_gen/valid.cstr/ramloop[28].
   ram.r/v5_noinit.ram/SDP.SINGLE_PRIM36.TDP_REGCLKBU_tiesig
WARNING:Pack:2874 - Trimming timing constraints from pin
   adc_ff/adf1/U0/xst_fifo_generator/gconvfifo.rf/grf.rf/gntv_or_sync_fifo.mem/g
   bm.gbmg.gbmga.ngecc.bmg/gnativebmg.native_blk_mem_gen/valid.cstr/ramloop[28].
   ram.r/v5_noinit.ram/SDP.SINGLE_PRIM36.TDP
   of frag REGCLKBL connected to power/ground net
   adc_ff/adf1/U0/xst_fifo_generator/gconvfifo.rf/grf.rf/gntv_or_sync_fifo.mem/g
   bm.gbmg.gbmga.ngecc.bmg/gnativebmg.native_blk_mem_gen/valid.cstr/ramloop[28].
   ram.r/v5_noinit.ram/SDP.SINGLE_PRIM36.TDP_REGCLKBL_tiesig
WARNING:Pack:2874 - Trimming timing constraints from pin
   adc_ff/adf1/U0/xst_fifo_generator/gconvfifo.rf/grf.rf/gntv_or_sync_fifo.mem/g
   bm.gbmg.gbmga.ngecc.bmg/gnativebmg.native_blk_mem_gen/valid.cstr/ramloop[29].
   ram.r/v5_noinit.ram/SDP.SINGLE_PRIM36.TDP
   of frag REGCLKAU connected to power/ground net
   adc_ff/adf1/U0/xst_fifo_generator/gconvfifo.rf/grf.rf/gntv_or_sync_fifo.mem/g
   bm.gbmg.gbmga.ngecc.bmg/gnativebmg.native_blk_mem_gen/valid.cstr/ramloop[29].
   ram.r/v5_noinit.ram/SDP.SINGLE_PRIM36.TDP_REGCLKAU_tiesig
WARNING:Pack:2874 - Trimming timing constraints from pin
   adc_ff/adf1/U0/xst_fifo_generator/gconvfifo.rf/grf.rf/gntv_or_sync_fifo.mem/g
   bm.gbmg.gbmga.ngecc.bmg/gnativebmg.native_blk_mem_gen/valid.cstr/ramloop[29].
   ram.r/v5_noinit.ram/SDP.SINGLE_PRIM36.TDP
   of frag REGCLKAL connected to power/ground net
   adc_ff/adf1/U0/xst_fifo_generator/gconvfifo.rf/grf.rf/gntv_or_sync_fifo.mem/g
   bm.gbmg.gbmga.ngecc.bmg/gnativebmg.native_blk_mem_gen/valid.cstr/ramloop[29].
   ram.r/v5_noinit.ram/SDP.SINGLE_PRIM36.TDP_REGCLKAL_tiesig
WARNING:Pack:2874 - Trimming timing constraints from pin
   adc_ff/adf1/U0/xst_fifo_generator/gconvfifo.rf/grf.rf/gntv_or_sync_fifo.mem/g
   bm.gbmg.gbmga.ngecc.bmg/gnativebmg.native_blk_mem_gen/valid.cstr/ramloop[29].
   ram.r/v5_noinit.ram/SDP.SINGLE_PRIM36.TDP
   of frag REGCLKBU connected to power/ground net
   adc_ff/adf1/U0/xst_fifo_generator/gconvfifo.rf/grf.rf/gntv_or_sync_fifo.mem/g
   bm.gbmg.gbmga.ngecc.bmg/gnativebmg.native_blk_mem_gen/valid.cstr/ramloop[29].
   ram.r/v5_noinit.ram/SDP.SINGLE_PRIM36.TDP_REGCLKBU_tiesig
WARNING:Pack:2874 - Trimming timing constraints from pin
   adc_ff/adf1/U0/xst_fifo_generator/gconvfifo.rf/grf.rf/gntv_or_sync_fifo.mem/g
   bm.gbmg.gbmga.ngecc.bmg/gnativebmg.native_blk_mem_gen/valid.cstr/ramloop[29].
   ram.r/v5_noinit.ram/SDP.SINGLE_PRIM36.TDP
   of frag REGCLKBL connected to power/ground net
   adc_ff/adf1/U0/xst_fifo_generator/gconvfifo.rf/grf.rf/gntv_or_sync_fifo.mem/g
   bm.gbmg.gbmga.ngecc.bmg/gnativebmg.native_blk_mem_gen/valid.cstr/ramloop[29].
   ram.r/v5_noinit.ram/SDP.SINGLE_PRIM36.TDP_REGCLKBL_tiesig
WARNING:Pack:2874 - Trimming timing constraints from pin
   adc_ff/adf1/U0/xst_fifo_generator/gconvfifo.rf/grf.rf/gntv_or_sync_fifo.mem/g
   bm.gbmg.gbmga.ngecc.bmg/gnativebmg.native_blk_mem_gen/valid.cstr/ramloop[2].r
   am.r/v5_noinit.ram/SDP.SINGLE_PRIM36.TDP
   of frag REGCLKAU connected to power/ground net
   adc_ff/adf1/U0/xst_fifo_generator/gconvfifo.rf/grf.rf/gntv_or_sync_fifo.mem/g
   bm.gbmg.gbmga.ngecc.bmg/gnativebmg.native_blk_mem_gen/valid.cstr/ramloop[2].r
   am.r/v5_noinit.ram/SDP.SINGLE_PRIM36.TDP_REGCLKAU_tiesig
WARNING:Pack:2874 - Trimming timing constraints from pin
   adc_ff/adf1/U0/xst_fifo_generator/gconvfifo.rf/grf.rf/gntv_or_sync_fifo.mem/g
   bm.gbmg.gbmga.ngecc.bmg/gnativebmg.native_blk_mem_gen/valid.cstr/ramloop[2].r
   am.r/v5_noinit.ram/SDP.SINGLE_PRIM36.TDP
   of frag REGCLKAL connected to power/ground net
   adc_ff/adf1/U0/xst_fifo_generator/gconvfifo.rf/grf.rf/gntv_or_sync_fifo.mem/g
   bm.gbmg.gbmga.ngecc.bmg/gnativebmg.native_blk_mem_gen/valid.cstr/ramloop[2].r
   am.r/v5_noinit.ram/SDP.SINGLE_PRIM36.TDP_REGCLKAL_tiesig
WARNING:Pack:2874 - Trimming timing constraints from pin
   adc_ff/adf1/U0/xst_fifo_generator/gconvfifo.rf/grf.rf/gntv_or_sync_fifo.mem/g
   bm.gbmg.gbmga.ngecc.bmg/gnativebmg.native_blk_mem_gen/valid.cstr/ramloop[2].r
   am.r/v5_noinit.ram/SDP.SINGLE_PRIM36.TDP
   of frag REGCLKBU connected to power/ground net
   adc_ff/adf1/U0/xst_fifo_generator/gconvfifo.rf/grf.rf/gntv_or_sync_fifo.mem/g
   bm.gbmg.gbmga.ngecc.bmg/gnativebmg.native_blk_mem_gen/valid.cstr/ramloop[2].r
   am.r/v5_noinit.ram/SDP.SINGLE_PRIM36.TDP_REGCLKBU_tiesig
WARNING:Pack:2874 - Trimming timing constraints from pin
   adc_ff/adf1/U0/xst_fifo_generator/gconvfifo.rf/grf.rf/gntv_or_sync_fifo.mem/g
   bm.gbmg.gbmga.ngecc.bmg/gnativebmg.native_blk_mem_gen/valid.cstr/ramloop[2].r
   am.r/v5_noinit.ram/SDP.SINGLE_PRIM36.TDP
   of frag REGCLKBL connected to power/ground net
   adc_ff/adf1/U0/xst_fifo_generator/gconvfifo.rf/grf.rf/gntv_or_sync_fifo.mem/g
   bm.gbmg.gbmga.ngecc.bmg/gnativebmg.native_blk_mem_gen/valid.cstr/ramloop[2].r
   am.r/v5_noinit.ram/SDP.SINGLE_PRIM36.TDP_REGCLKBL_tiesig
WARNING:Pack:2874 - Trimming timing constraints from pin
   adc_ff/adf1/U0/xst_fifo_generator/gconvfifo.rf/grf.rf/gntv_or_sync_fifo.mem/g
   bm.gbmg.gbmga.ngecc.bmg/gnativebmg.native_blk_mem_gen/valid.cstr/ramloop[3].r
   am.r/v5_noinit.ram/SDP.SINGLE_PRIM36.TDP
   of frag REGCLKAU connected to power/ground net
   adc_ff/adf1/U0/xst_fifo_generator/gconvfifo.rf/grf.rf/gntv_or_sync_fifo.mem/g
   bm.gbmg.gbmga.ngecc.bmg/gnativebmg.native_blk_mem_gen/valid.cstr/ramloop[3].r
   am.r/v5_noinit.ram/SDP.SINGLE_PRIM36.TDP_REGCLKAU_tiesig
WARNING:Pack:2874 - Trimming timing constraints from pin
   adc_ff/adf1/U0/xst_fifo_generator/gconvfifo.rf/grf.rf/gntv_or_sync_fifo.mem/g
   bm.gbmg.gbmga.ngecc.bmg/gnativebmg.native_blk_mem_gen/valid.cstr/ramloop[3].r
   am.r/v5_noinit.ram/SDP.SINGLE_PRIM36.TDP
   of frag REGCLKAL connected to power/ground net
   adc_ff/adf1/U0/xst_fifo_generator/gconvfifo.rf/grf.rf/gntv_or_sync_fifo.mem/g
   bm.gbmg.gbmga.ngecc.bmg/gnativebmg.native_blk_mem_gen/valid.cstr/ramloop[3].r
   am.r/v5_noinit.ram/SDP.SINGLE_PRIM36.TDP_REGCLKAL_tiesig
WARNING:Pack:2874 - Trimming timing constraints from pin
   adc_ff/adf1/U0/xst_fifo_generator/gconvfifo.rf/grf.rf/gntv_or_sync_fifo.mem/g
   bm.gbmg.gbmga.ngecc.bmg/gnativebmg.native_blk_mem_gen/valid.cstr/ramloop[3].r
   am.r/v5_noinit.ram/SDP.SINGLE_PRIM36.TDP
   of frag REGCLKBU connected to power/ground net
   adc_ff/adf1/U0/xst_fifo_generator/gconvfifo.rf/grf.rf/gntv_or_sync_fifo.mem/g
   bm.gbmg.gbmga.ngecc.bmg/gnativebmg.native_blk_mem_gen/valid.cstr/ramloop[3].r
   am.r/v5_noinit.ram/SDP.SINGLE_PRIM36.TDP_REGCLKBU_tiesig
WARNING:Pack:2874 - Trimming timing constraints from pin
   adc_ff/adf1/U0/xst_fifo_generator/gconvfifo.rf/grf.rf/gntv_or_sync_fifo.mem/g
   bm.gbmg.gbmga.ngecc.bmg/gnativebmg.native_blk_mem_gen/valid.cstr/ramloop[3].r
   am.r/v5_noinit.ram/SDP.SINGLE_PRIM36.TDP
   of frag REGCLKBL connected to power/ground net
   adc_ff/adf1/U0/xst_fifo_generator/gconvfifo.rf/grf.rf/gntv_or_sync_fifo.mem/g
   bm.gbmg.gbmga.ngecc.bmg/gnativebmg.native_blk_mem_gen/valid.cstr/ramloop[3].r
   am.r/v5_noinit.ram/SDP.SINGLE_PRIM36.TDP_REGCLKBL_tiesig
WARNING:Pack:2874 - Trimming timing constraints from pin
   adc_ff/adf1/U0/xst_fifo_generator/gconvfifo.rf/grf.rf/gntv_or_sync_fifo.mem/g
   bm.gbmg.gbmga.ngecc.bmg/gnativebmg.native_blk_mem_gen/valid.cstr/ramloop[4].r
   am.r/v5_noinit.ram/SDP.SINGLE_PRIM36.TDP
   of frag REGCLKAU connected to power/ground net
   adc_ff/adf1/U0/xst_fifo_generator/gconvfifo.rf/grf.rf/gntv_or_sync_fifo.mem/g
   bm.gbmg.gbmga.ngecc.bmg/gnativebmg.native_blk_mem_gen/valid.cstr/ramloop[4].r
   am.r/v5_noinit.ram/SDP.SINGLE_PRIM36.TDP_REGCLKAU_tiesig
WARNING:Pack:2874 - Trimming timing constraints from pin
   adc_ff/adf1/U0/xst_fifo_generator/gconvfifo.rf/grf.rf/gntv_or_sync_fifo.mem/g
   bm.gbmg.gbmga.ngecc.bmg/gnativebmg.native_blk_mem_gen/valid.cstr/ramloop[4].r
   am.r/v5_noinit.ram/SDP.SINGLE_PRIM36.TDP
   of frag REGCLKAL connected to power/ground net
   adc_ff/adf1/U0/xst_fifo_generator/gconvfifo.rf/grf.rf/gntv_or_sync_fifo.mem/g
   bm.gbmg.gbmga.ngecc.bmg/gnativebmg.native_blk_mem_gen/valid.cstr/ramloop[4].r
   am.r/v5_noinit.ram/SDP.SINGLE_PRIM36.TDP_REGCLKAL_tiesig
WARNING:Pack:2874 - Trimming timing constraints from pin
   adc_ff/adf1/U0/xst_fifo_generator/gconvfifo.rf/grf.rf/gntv_or_sync_fifo.mem/g
   bm.gbmg.gbmga.ngecc.bmg/gnativebmg.native_blk_mem_gen/valid.cstr/ramloop[4].r
   am.r/v5_noinit.ram/SDP.SINGLE_PRIM36.TDP
   of frag REGCLKBU connected to power/ground net
   adc_ff/adf1/U0/xst_fifo_generator/gconvfifo.rf/grf.rf/gntv_or_sync_fifo.mem/g
   bm.gbmg.gbmga.ngecc.bmg/gnativebmg.native_blk_mem_gen/valid.cstr/ramloop[4].r
   am.r/v5_noinit.ram/SDP.SINGLE_PRIM36.TDP_REGCLKBU_tiesig
WARNING:Pack:2874 - Trimming timing constraints from pin
   adc_ff/adf1/U0/xst_fifo_generator/gconvfifo.rf/grf.rf/gntv_or_sync_fifo.mem/g
   bm.gbmg.gbmga.ngecc.bmg/gnativebmg.native_blk_mem_gen/valid.cstr/ramloop[4].r
   am.r/v5_noinit.ram/SDP.SINGLE_PRIM36.TDP
   of frag REGCLKBL connected to power/ground net
   adc_ff/adf1/U0/xst_fifo_generator/gconvfifo.rf/grf.rf/gntv_or_sync_fifo.mem/g
   bm.gbmg.gbmga.ngecc.bmg/gnativebmg.native_blk_mem_gen/valid.cstr/ramloop[4].r
   am.r/v5_noinit.ram/SDP.SINGLE_PRIM36.TDP_REGCLKBL_tiesig
WARNING:Pack:2874 - Trimming timing constraints from pin
   adc_ff/adf1/U0/xst_fifo_generator/gconvfifo.rf/grf.rf/gntv_or_sync_fifo.mem/g
   bm.gbmg.gbmga.ngecc.bmg/gnativebmg.native_blk_mem_gen/valid.cstr/ramloop[5].r
   am.r/v5_noinit.ram/SDP.SINGLE_PRIM36.TDP
   of frag REGCLKAU connected to power/ground net
   adc_ff/adf1/U0/xst_fifo_generator/gconvfifo.rf/grf.rf/gntv_or_sync_fifo.mem/g
   bm.gbmg.gbmga.ngecc.bmg/gnativebmg.native_blk_mem_gen/valid.cstr/ramloop[5].r
   am.r/v5_noinit.ram/SDP.SINGLE_PRIM36.TDP_REGCLKAU_tiesig
WARNING:Pack:2874 - Trimming timing constraints from pin
   adc_ff/adf1/U0/xst_fifo_generator/gconvfifo.rf/grf.rf/gntv_or_sync_fifo.mem/g
   bm.gbmg.gbmga.ngecc.bmg/gnativebmg.native_blk_mem_gen/valid.cstr/ramloop[5].r
   am.r/v5_noinit.ram/SDP.SINGLE_PRIM36.TDP
   of frag REGCLKAL connected to power/ground net
   adc_ff/adf1/U0/xst_fifo_generator/gconvfifo.rf/grf.rf/gntv_or_sync_fifo.mem/g
   bm.gbmg.gbmga.ngecc.bmg/gnativebmg.native_blk_mem_gen/valid.cstr/ramloop[5].r
   am.r/v5_noinit.ram/SDP.SINGLE_PRIM36.TDP_REGCLKAL_tiesig
WARNING:Pack:2874 - Trimming timing constraints from pin
   adc_ff/adf1/U0/xst_fifo_generator/gconvfifo.rf/grf.rf/gntv_or_sync_fifo.mem/g
   bm.gbmg.gbmga.ngecc.bmg/gnativebmg.native_blk_mem_gen/valid.cstr/ramloop[5].r
   am.r/v5_noinit.ram/SDP.SINGLE_PRIM36.TDP
   of frag REGCLKBU connected to power/ground net
   adc_ff/adf1/U0/xst_fifo_generator/gconvfifo.rf/grf.rf/gntv_or_sync_fifo.mem/g
   bm.gbmg.gbmga.ngecc.bmg/gnativebmg.native_blk_mem_gen/valid.cstr/ramloop[5].r
   am.r/v5_noinit.ram/SDP.SINGLE_PRIM36.TDP_REGCLKBU_tiesig
WARNING:Pack:2874 - Trimming timing constraints from pin
   adc_ff/adf1/U0/xst_fifo_generator/gconvfifo.rf/grf.rf/gntv_or_sync_fifo.mem/g
   bm.gbmg.gbmga.ngecc.bmg/gnativebmg.native_blk_mem_gen/valid.cstr/ramloop[5].r
   am.r/v5_noinit.ram/SDP.SINGLE_PRIM36.TDP
   of frag REGCLKBL connected to power/ground net
   adc_ff/adf1/U0/xst_fifo_generator/gconvfifo.rf/grf.rf/gntv_or_sync_fifo.mem/g
   bm.gbmg.gbmga.ngecc.bmg/gnativebmg.native_blk_mem_gen/valid.cstr/ramloop[5].r
   am.r/v5_noinit.ram/SDP.SINGLE_PRIM36.TDP_REGCLKBL_tiesig
WARNING:Pack:2874 - Trimming timing constraints from pin
   adc_ff/adf1/U0/xst_fifo_generator/gconvfifo.rf/grf.rf/gntv_or_sync_fifo.mem/g
   bm.gbmg.gbmga.ngecc.bmg/gnativebmg.native_blk_mem_gen/valid.cstr/ramloop[6].r
   am.r/v5_noinit.ram/SDP.SINGLE_PRIM36.TDP
   of frag REGCLKAU connected to power/ground net
   adc_ff/adf1/U0/xst_fifo_generator/gconvfifo.rf/grf.rf/gntv_or_sync_fifo.mem/g
   bm.gbmg.gbmga.ngecc.bmg/gnativebmg.native_blk_mem_gen/valid.cstr/ramloop[6].r
   am.r/v5_noinit.ram/SDP.SINGLE_PRIM36.TDP_REGCLKAU_tiesig
WARNING:Pack:2874 - Trimming timing constraints from pin
   adc_ff/adf1/U0/xst_fifo_generator/gconvfifo.rf/grf.rf/gntv_or_sync_fifo.mem/g
   bm.gbmg.gbmga.ngecc.bmg/gnativebmg.native_blk_mem_gen/valid.cstr/ramloop[6].r
   am.r/v5_noinit.ram/SDP.SINGLE_PRIM36.TDP
   of frag REGCLKAL connected to power/ground net
   adc_ff/adf1/U0/xst_fifo_generator/gconvfifo.rf/grf.rf/gntv_or_sync_fifo.mem/g
   bm.gbmg.gbmga.ngecc.bmg/gnativebmg.native_blk_mem_gen/valid.cstr/ramloop[6].r
   am.r/v5_noinit.ram/SDP.SINGLE_PRIM36.TDP_REGCLKAL_tiesig
WARNING:Pack:2874 - Trimming timing constraints from pin
   adc_ff/adf1/U0/xst_fifo_generator/gconvfifo.rf/grf.rf/gntv_or_sync_fifo.mem/g
   bm.gbmg.gbmga.ngecc.bmg/gnativebmg.native_blk_mem_gen/valid.cstr/ramloop[6].r
   am.r/v5_noinit.ram/SDP.SINGLE_PRIM36.TDP
   of frag REGCLKBU connected to power/ground net
   adc_ff/adf1/U0/xst_fifo_generator/gconvfifo.rf/grf.rf/gntv_or_sync_fifo.mem/g
   bm.gbmg.gbmga.ngecc.bmg/gnativebmg.native_blk_mem_gen/valid.cstr/ramloop[6].r
   am.r/v5_noinit.ram/SDP.SINGLE_PRIM36.TDP_REGCLKBU_tiesig
WARNING:Pack:2874 - Trimming timing constraints from pin
   adc_ff/adf1/U0/xst_fifo_generator/gconvfifo.rf/grf.rf/gntv_or_sync_fifo.mem/g
   bm.gbmg.gbmga.ngecc.bmg/gnativebmg.native_blk_mem_gen/valid.cstr/ramloop[6].r
   am.r/v5_noinit.ram/SDP.SINGLE_PRIM36.TDP
   of frag REGCLKBL connected to power/ground net
   adc_ff/adf1/U0/xst_fifo_generator/gconvfifo.rf/grf.rf/gntv_or_sync_fifo.mem/g
   bm.gbmg.gbmga.ngecc.bmg/gnativebmg.native_blk_mem_gen/valid.cstr/ramloop[6].r
   am.r/v5_noinit.ram/SDP.SINGLE_PRIM36.TDP_REGCLKBL_tiesig
WARNING:Pack:2874 - Trimming timing constraints from pin
   adc_ff/adf1/U0/xst_fifo_generator/gconvfifo.rf/grf.rf/gntv_or_sync_fifo.mem/g
   bm.gbmg.gbmga.ngecc.bmg/gnativebmg.native_blk_mem_gen/valid.cstr/ramloop[7].r
   am.r/v5_noinit.ram/SDP.SINGLE_PRIM36.TDP
   of frag REGCLKAU connected to power/ground net
   adc_ff/adf1/U0/xst_fifo_generator/gconvfifo.rf/grf.rf/gntv_or_sync_fifo.mem/g
   bm.gbmg.gbmga.ngecc.bmg/gnativebmg.native_blk_mem_gen/valid.cstr/ramloop[7].r
   am.r/v5_noinit.ram/SDP.SINGLE_PRIM36.TDP_REGCLKAU_tiesig
WARNING:Pack:2874 - Trimming timing constraints from pin
   adc_ff/adf1/U0/xst_fifo_generator/gconvfifo.rf/grf.rf/gntv_or_sync_fifo.mem/g
   bm.gbmg.gbmga.ngecc.bmg/gnativebmg.native_blk_mem_gen/valid.cstr/ramloop[7].r
   am.r/v5_noinit.ram/SDP.SINGLE_PRIM36.TDP
   of frag REGCLKAL connected to power/ground net
   adc_ff/adf1/U0/xst_fifo_generator/gconvfifo.rf/grf.rf/gntv_or_sync_fifo.mem/g
   bm.gbmg.gbmga.ngecc.bmg/gnativebmg.native_blk_mem_gen/valid.cstr/ramloop[7].r
   am.r/v5_noinit.ram/SDP.SINGLE_PRIM36.TDP_REGCLKAL_tiesig
WARNING:Pack:2874 - Trimming timing constraints from pin
   adc_ff/adf1/U0/xst_fifo_generator/gconvfifo.rf/grf.rf/gntv_or_sync_fifo.mem/g
   bm.gbmg.gbmga.ngecc.bmg/gnativebmg.native_blk_mem_gen/valid.cstr/ramloop[7].r
   am.r/v5_noinit.ram/SDP.SINGLE_PRIM36.TDP
   of frag REGCLKBU connected to power/ground net
   adc_ff/adf1/U0/xst_fifo_generator/gconvfifo.rf/grf.rf/gntv_or_sync_fifo.mem/g
   bm.gbmg.gbmga.ngecc.bmg/gnativebmg.native_blk_mem_gen/valid.cstr/ramloop[7].r
   am.r/v5_noinit.ram/SDP.SINGLE_PRIM36.TDP_REGCLKBU_tiesig
WARNING:Pack:2874 - Trimming timing constraints from pin
   adc_ff/adf1/U0/xst_fifo_generator/gconvfifo.rf/grf.rf/gntv_or_sync_fifo.mem/g
   bm.gbmg.gbmga.ngecc.bmg/gnativebmg.native_blk_mem_gen/valid.cstr/ramloop[7].r
   am.r/v5_noinit.ram/SDP.SINGLE_PRIM36.TDP
   of frag REGCLKBL connected to power/ground net
   adc_ff/adf1/U0/xst_fifo_generator/gconvfifo.rf/grf.rf/gntv_or_sync_fifo.mem/g
   bm.gbmg.gbmga.ngecc.bmg/gnativebmg.native_blk_mem_gen/valid.cstr/ramloop[7].r
   am.r/v5_noinit.ram/SDP.SINGLE_PRIM36.TDP_REGCLKBL_tiesig
WARNING:Pack:2874 - Trimming timing constraints from pin
   adc_ff/adf1/U0/xst_fifo_generator/gconvfifo.rf/grf.rf/gntv_or_sync_fifo.mem/g
   bm.gbmg.gbmga.ngecc.bmg/gnativebmg.native_blk_mem_gen/valid.cstr/ramloop[8].r
   am.r/v5_noinit.ram/SDP.SINGLE_PRIM36.TDP
   of frag REGCLKAU connected to power/ground net
   adc_ff/adf1/U0/xst_fifo_generator/gconvfifo.rf/grf.rf/gntv_or_sync_fifo.mem/g
   bm.gbmg.gbmga.ngecc.bmg/gnativebmg.native_blk_mem_gen/valid.cstr/ramloop[8].r
   am.r/v5_noinit.ram/SDP.SINGLE_PRIM36.TDP_REGCLKAU_tiesig
WARNING:Pack:2874 - Trimming timing constraints from pin
   adc_ff/adf1/U0/xst_fifo_generator/gconvfifo.rf/grf.rf/gntv_or_sync_fifo.mem/g
   bm.gbmg.gbmga.ngecc.bmg/gnativebmg.native_blk_mem_gen/valid.cstr/ramloop[8].r
   am.r/v5_noinit.ram/SDP.SINGLE_PRIM36.TDP
   of frag REGCLKAL connected to power/ground net
   adc_ff/adf1/U0/xst_fifo_generator/gconvfifo.rf/grf.rf/gntv_or_sync_fifo.mem/g
   bm.gbmg.gbmga.ngecc.bmg/gnativebmg.native_blk_mem_gen/valid.cstr/ramloop[8].r
   am.r/v5_noinit.ram/SDP.SINGLE_PRIM36.TDP_REGCLKAL_tiesig
WARNING:Pack:2874 - Trimming timing constraints from pin
   adc_ff/adf1/U0/xst_fifo_generator/gconvfifo.rf/grf.rf/gntv_or_sync_fifo.mem/g
   bm.gbmg.gbmga.ngecc.bmg/gnativebmg.native_blk_mem_gen/valid.cstr/ramloop[8].r
   am.r/v5_noinit.ram/SDP.SINGLE_PRIM36.TDP
   of frag REGCLKBU connected to power/ground net
   adc_ff/adf1/U0/xst_fifo_generator/gconvfifo.rf/grf.rf/gntv_or_sync_fifo.mem/g
   bm.gbmg.gbmga.ngecc.bmg/gnativebmg.native_blk_mem_gen/valid.cstr/ramloop[8].r
   am.r/v5_noinit.ram/SDP.SINGLE_PRIM36.TDP_REGCLKBU_tiesig
WARNING:Pack:2874 - Trimming timing constraints from pin
   adc_ff/adf1/U0/xst_fifo_generator/gconvfifo.rf/grf.rf/gntv_or_sync_fifo.mem/g
   bm.gbmg.gbmga.ngecc.bmg/gnativebmg.native_blk_mem_gen/valid.cstr/ramloop[8].r
   am.r/v5_noinit.ram/SDP.SINGLE_PRIM36.TDP
   of frag REGCLKBL connected to power/ground net
   adc_ff/adf1/U0/xst_fifo_generator/gconvfifo.rf/grf.rf/gntv_or_sync_fifo.mem/g
   bm.gbmg.gbmga.ngecc.bmg/gnativebmg.native_blk_mem_gen/valid.cstr/ramloop[8].r
   am.r/v5_noinit.ram/SDP.SINGLE_PRIM36.TDP_REGCLKBL_tiesig
WARNING:Pack:2874 - Trimming timing constraints from pin
   adc_ff/adf1/U0/xst_fifo_generator/gconvfifo.rf/grf.rf/gntv_or_sync_fifo.mem/g
   bm.gbmg.gbmga.ngecc.bmg/gnativebmg.native_blk_mem_gen/valid.cstr/ramloop[9].r
   am.r/v5_noinit.ram/SDP.SINGLE_PRIM36.TDP
   of frag REGCLKAU connected to power/ground net
   adc_ff/adf1/U0/xst_fifo_generator/gconvfifo.rf/grf.rf/gntv_or_sync_fifo.mem/g
   bm.gbmg.gbmga.ngecc.bmg/gnativebmg.native_blk_mem_gen/valid.cstr/ramloop[9].r
   am.r/v5_noinit.ram/SDP.SINGLE_PRIM36.TDP_REGCLKAU_tiesig
WARNING:Pack:2874 - Trimming timing constraints from pin
   adc_ff/adf1/U0/xst_fifo_generator/gconvfifo.rf/grf.rf/gntv_or_sync_fifo.mem/g
   bm.gbmg.gbmga.ngecc.bmg/gnativebmg.native_blk_mem_gen/valid.cstr/ramloop[9].r
   am.r/v5_noinit.ram/SDP.SINGLE_PRIM36.TDP
   of frag REGCLKAL connected to power/ground net
   adc_ff/adf1/U0/xst_fifo_generator/gconvfifo.rf/grf.rf/gntv_or_sync_fifo.mem/g
   bm.gbmg.gbmga.ngecc.bmg/gnativebmg.native_blk_mem_gen/valid.cstr/ramloop[9].r
   am.r/v5_noinit.ram/SDP.SINGLE_PRIM36.TDP_REGCLKAL_tiesig
WARNING:Pack:2874 - Trimming timing constraints from pin
   adc_ff/adf1/U0/xst_fifo_generator/gconvfifo.rf/grf.rf/gntv_or_sync_fifo.mem/g
   bm.gbmg.gbmga.ngecc.bmg/gnativebmg.native_blk_mem_gen/valid.cstr/ramloop[9].r
   am.r/v5_noinit.ram/SDP.SINGLE_PRIM36.TDP
   of frag REGCLKBU connected to power/ground net
   adc_ff/adf1/U0/xst_fifo_generator/gconvfifo.rf/grf.rf/gntv_or_sync_fifo.mem/g
   bm.gbmg.gbmga.ngecc.bmg/gnativebmg.native_blk_mem_gen/valid.cstr/ramloop[9].r
   am.r/v5_noinit.ram/SDP.SINGLE_PRIM36.TDP_REGCLKBU_tiesig
WARNING:Pack:2874 - Trimming timing constraints from pin
   adc_ff/adf1/U0/xst_fifo_generator/gconvfifo.rf/grf.rf/gntv_or_sync_fifo.mem/g
   bm.gbmg.gbmga.ngecc.bmg/gnativebmg.native_blk_mem_gen/valid.cstr/ramloop[9].r
   am.r/v5_noinit.ram/SDP.SINGLE_PRIM36.TDP
   of frag REGCLKBL connected to power/ground net
   adc_ff/adf1/U0/xst_fifo_generator/gconvfifo.rf/grf.rf/gntv_or_sync_fifo.mem/g
   bm.gbmg.gbmga.ngecc.bmg/gnativebmg.native_blk_mem_gen/valid.cstr/ramloop[9].r
   am.r/v5_noinit.ram/SDP.SINGLE_PRIM36.TDP_REGCLKBL_tiesig
WARNING:Pack:2874 - Trimming timing constraints from pin
   xillybus_ins/pcie/pcie_ep0/pcie_blk_if/ll_bridge/rx_bridge/fifo_inst/oq_fifo/
   Mram_regBank
   of frag RDRCLKU connected to power/ground net
   xillybus_ins/pcie/pcie_ep0/pcie_blk_if/ll_bridge/rx_bridge/fifo_inst/oq_fifo/
   Mram_regBank_RDRCLKU_tiesig
WARNING:Pack:2874 - Trimming timing constraints from pin
   xillybus_ins/pcie/pcie_ep0/pcie_blk_if/ll_bridge/rx_bridge/fifo_inst/oq_fifo/
   Mram_regBank
   of frag RDRCLKL connected to power/ground net
   xillybus_ins/pcie/pcie_ep0/pcie_blk_if/ll_bridge/rx_bridge/fifo_inst/oq_fifo/
   Mram_regBank_RDRCLKL_tiesig
WARNING:Pack:2874 - Trimming timing constraints from pin
   xillybus_ins/xillybus_core_ins/pcie_recv_dma_ins/Mram_rd_dma_address
   of frag RDRCLKU connected to power/ground net
   xillybus_ins/xillybus_core_ins/pcie_recv_dma_ins/Mram_rd_dma_address_RDRCLKU_
   tiesig
WARNING:Pack:2874 - Trimming timing constraints from pin
   xillybus_ins/xillybus_core_ins/pcie_recv_dma_ins/Mram_rd_dma_address
   of frag RDRCLKL connected to power/ground net
   xillybus_ins/xillybus_core_ins/pcie_recv_dma_ins/Mram_rd_dma_address_RDRCLKL_
   tiesig
WARNING:Pack:2874 - Trimming timing constraints from pin
   xillybus_ins/xillybus_core_ins/pcie_send_dma_ins/Mram_dma_address
   of frag RDRCLKU connected to power/ground net
   xillybus_ins/xillybus_core_ins/pcie_send_dma_ins/Mram_dma_address_RDRCLKU_tie
   sig
WARNING:Pack:2874 - Trimming timing constraints from pin
   xillybus_ins/xillybus_core_ins/pcie_send_dma_ins/Mram_dma_address
   of frag RDRCLKL connected to power/ground net
   xillybus_ins/xillybus_core_ins/pcie_send_dma_ins/Mram_dma_address_RDRCLKL_tie
   sig
Running directed packing...
ERROR:Pack:2529 - The dual data rate register "fe1/I[0]" failed to join an
   ILOGIC component as required.
ERROR:Pack:2529 - The dual data rate register "fe1/I[1]" failed to join an
   ILOGIC component as required.
ERROR:Pack:2529 - The dual data rate register "fe1/I[2]" failed to join an
   ILOGIC component as required.
ERROR:Pack:2529 - The dual data rate register "fe1/I[3]" failed to join an
   ILOGIC component as required.
ERROR:Pack:2529 - The dual data rate register "fe1/I[4]" failed to join an
   ILOGIC component as required.
ERROR:Pack:2529 - The dual data rate register "fe1/I[5]" failed to join an
   ILOGIC component as required.

Mapping completed.
See MAP report file "top.mrp" for details.
Problem encountered during the packing phase.

Design Summary
--------------
Number of errors   :   6
Number of warnings : 146
